Component: ARM Compiler 5.06 update 6 (build 750) Tool: armlink [4d35ed]

==============================================================================

Section Cross References

    main.o(i.OV7670_tftlcd) refers to memseta.o(.text) for __aeabi_memclr4
    main.o(i.OV7670_tftlcd) refers to user_ili9341_lcd.o(i.Lcd_GramScan) for Lcd_GramScan
    main.o(i.OV7670_tftlcd) refers to stm32f10x_gpio.o(i.GPIO_ResetBits) for GPIO_ResetBits
    main.o(i.OV7670_tftlcd) refers to stm32f10x_gpio.o(i.GPIO_SetBits) for GPIO_SetBits
    main.o(i.OV7670_tftlcd) refers to led.o(i.led_on) for led_on
    main.o(i.OV7670_tftlcd) refers to esp8266.o(i.USART3_SendByte) for USART3_SendByte
    main.o(i.OV7670_tftlcd) refers to stm32f10x_usart.o(i.USART_SendData) for USART_SendData
    main.o(i.OV7670_tftlcd) refers to led.o(i.led_off) for led_off
    main.o(i.OV7670_tftlcd) refers to user_exti.o(.data) for frame_flag
    main.o(i.main) refers to led.o(i.leds_init) for leds_init
    main.o(i.main) refers to esp8266.o(i.esp8266_init) for esp8266_init
    main.o(i.main) refers to esp8266.o(i.USART3_Init) for USART3_Init
    main.o(i.main) refers to main.o(i.sw_delay_ms) for sw_delay_ms
    main.o(i.main) refers to oled.o(i.SPI_GPIO_Init) for SPI_GPIO_Init
    main.o(i.main) refers to oled.o(i.SPI2_Init) for SPI2_Init
    main.o(i.main) refers to oled.o(i.OLED_Init) for OLED_Init
    main.o(i.main) refers to oled.o(i.OLED_Fill) for OLED_Fill
    main.o(i.main) refers to user_ili9341_lcd.o(i.LCD_Init) for LCD_Init
    main.o(i.main) refers to ov7670.o(i.OV7670_Init) for OV7670_Init
    main.o(i.main) refers to user_exti.o(i.OV7670_PA1_Init) for OV7670_PA1_Init
    main.o(i.main) refers to ov7670.o(i.OV7670_Window_Set) for OV7670_Window_Set
    main.o(i.main) refers to stm32f10x_gpio.o(i.GPIO_ResetBits) for GPIO_ResetBits
    main.o(i.main) refers to oled.o(i.LCD_P8x16Str) for LCD_P8x16Str
    main.o(i.main) refers to printfb.o(i.__0printf$bare) for __2printf
    main.o(i.main) refers to esp8266.o(i.Hand) for Hand
    main.o(i.main) refers to esp8266.o(i.CLR_Buf) for CLR_Buf
    main.o(i.main) refers to led.o(i.led_on) for led_on
    main.o(i.main) refers to main.o(i.OV7670_tftlcd) for OV7670_tftlcd
    main.o(i.main) refers to stm32f10x_usart.o(i.USART_ITConfig) for USART_ITConfig
    main.o(i.main) refers to led.o(i.led_off) for led_off
    main.o(i.main) refers to user_ili9341_lcd.o(i.LCD_DispStr) for LCD_DispStr
    main.o(i.sw_delay_ms) refers to main.o(i.sw_delay_us) for sw_delay_us
    ov7670.o(i.OV7670_Brightness) refers to sccb.o(i.SCCB_Write_Reg) for SCCB_Write_Reg
    ov7670.o(i.OV7670_Color_Saturation) refers to sccb.o(i.SCCB_Write_Reg) for SCCB_Write_Reg
    ov7670.o(i.OV7670_Contrast) refers to sccb.o(i.SCCB_Write_Reg) for SCCB_Write_Reg
    ov7670.o(i.OV7670_Init) refers to stm32f10x_rcc.o(i.RCC_APB2PeriphClockCmd) for RCC_APB2PeriphClockCmd
    ov7670.o(i.OV7670_Init) refers to stm32f10x_gpio.o(i.GPIO_Init) for GPIO_Init
    ov7670.o(i.OV7670_Init) refers to stm32f10x_gpio.o(i.GPIO_SetBits) for GPIO_SetBits
    ov7670.o(i.OV7670_Init) refers to sccb.o(i.SCCB_GPIO_Init) for SCCB_GPIO_Init
    ov7670.o(i.OV7670_Init) refers to sccb.o(i.SCCB_Write_Reg) for SCCB_Write_Reg
    ov7670.o(i.OV7670_Init) refers to ov7670.o(i.sw_delay_us) for sw_delay_us
    ov7670.o(i.OV7670_Init) refers to sccb.o(i.SCCB_Read_Reg) for SCCB_Read_Reg
    ov7670.o(i.OV7670_Init) refers to ov7670.o(.constdata) for ov7670_init_reg_table
    ov7670.o(i.OV7670_Light_Mode) refers to sccb.o(i.SCCB_Write_Reg) for SCCB_Write_Reg
    ov7670.o(i.OV7670_Special_Effects) refers to sccb.o(i.SCCB_Write_Reg) for SCCB_Write_Reg
    ov7670.o(i.OV7670_Window_Set) refers to sccb.o(i.SCCB_Read_Reg) for SCCB_Read_Reg
    ov7670.o(i.OV7670_Window_Set) refers to sccb.o(i.SCCB_Write_Reg) for SCCB_Write_Reg
    sccb.o(i.SCCB_GPIO_Init) refers to stm32f10x_rcc.o(i.RCC_APB2PeriphClockCmd) for RCC_APB2PeriphClockCmd
    sccb.o(i.SCCB_GPIO_Init) refers to stm32f10x_gpio.o(i.GPIO_Init) for GPIO_Init
    sccb.o(i.SCCB_No_Ack) refers to sccb.o(i.sw_delay_us) for sw_delay_us
    sccb.o(i.SCCB_No_Ack) refers to stm32f10x_gpio.o(i.GPIO_SetBits) for GPIO_SetBits
    sccb.o(i.SCCB_No_Ack) refers to stm32f10x_gpio.o(i.GPIO_ResetBits) for GPIO_ResetBits
    sccb.o(i.SCCB_ReadAbyte) refers to sccb.o(i.SCCB_SDA_IN) for SCCB_SDA_IN
    sccb.o(i.SCCB_ReadAbyte) refers to sccb.o(i.sw_delay_us) for sw_delay_us
    sccb.o(i.SCCB_ReadAbyte) refers to stm32f10x_gpio.o(i.GPIO_SetBits) for GPIO_SetBits
    sccb.o(i.SCCB_ReadAbyte) refers to stm32f10x_gpio.o(i.GPIO_ReadInputDataBit) for GPIO_ReadInputDataBit
    sccb.o(i.SCCB_ReadAbyte) refers to stm32f10x_gpio.o(i.GPIO_ResetBits) for GPIO_ResetBits
    sccb.o(i.SCCB_ReadAbyte) refers to sccb.o(i.SCCB_SDA_OUT) for SCCB_SDA_OUT
    sccb.o(i.SCCB_Read_Reg) refers to sccb.o(i.SCCB_Start) for SCCB_Start
    sccb.o(i.SCCB_Read_Reg) refers to sccb.o(i.SCCB_WriteAbyte) for SCCB_WriteAbyte
[...]
    printf0.o(i.__0vsprintf$0) refers to printf0.o(i._sputc) for _sputc
    printf1.o(i.__0fprintf$1) refers to printf1.o(i._printf_core) for _printf_core
    printf1.o(i.__0fprintf$1) refers to esp8266.o(i.fputc) for fputc
    printf1.o(i.__0printf$1) refers to printf1.o(i._printf_core) for _printf_core
    printf1.o(i.__0printf$1) refers to esp8266.o(i.fputc) for fputc
    printf1.o(i.__0printf$1) refers to stdout.o(.data) for __stdout
    printf1.o(i.__0snprintf$1) refers to printf1.o(i._printf_core) for _printf_core
    printf1.o(i.__0snprintf$1) refers to printf1.o(i._snputc) for _snputc
    printf1.o(i.__0sprintf$1) refers to printf1.o(i._printf_core) for _printf_core
    printf1.o(i.__0sprintf$1) refers to printf1.o(i._sputc) for _sputc
    printf1.o(i.__0vfprintf$1) refers to printf1.o(i._printf_core) for _printf_core
    printf1.o(i.__0vfprintf$1) refers to esp8266.o(i.fputc) for fputc
    printf1.o(i.__0vprintf$1) refers to printf1.o(i._printf_core) for _printf_core
    printf1.o(i.__0vprintf$1) refers to esp8266.o(i.fputc) for fputc
    printf1.o(i.__0vprintf$1) refers to stdout.o(.data) for __stdout
    printf1.o(i.__0vsnprintf$1) refers to printf1.o(i._printf_core) for _printf_core
    printf1.o(i.__0vsnprintf$1) refers to printf1.o(i._snputc) for _snputc
    printf1.o(i.__0vsprintf$1) refers to printf1.o(i._printf_core) for _printf_core
    printf1.o(i.__0vsprintf$1) refers to printf1.o(i._sputc) for _sputc
    printf1.o(i._printf_core) refers to uidiv.o(.text) for __aeabi_uidivmod
    printf2.o(i.__0fprintf$2) refers to printf2.o(i._printf_core) for _printf_core
    printf2.o(i.__0fprintf$2) refers to esp8266.o(i.fputc) for fputc
    printf2.o(i.__0printf$2) refers to printf2.o(i._printf_core) for _printf_core
    printf2.o(i.__0printf$2) refers to esp8266.o(i.fputc) for fputc
    printf2.o(i.__0printf$2) refers to stdout.o(.data) for __stdout
    printf2.o(i.__0snprintf$2) refers to printf2.o(i._printf_core) for _printf_core
    printf2.o(i.__0snprintf$2) refers to printf2.o(i._snputc) for _snputc
    printf2.o(i.__0sprintf$2) refers to printf2.o(i._printf_core) for _printf_core
    printf2.o(i.__0sprintf$2) refers to printf2.o(i._sputc) for _sputc
    printf2.o(i.__0vfprintf$2) refers to printf2.o(i._printf_core) for _printf_core
    printf2.o(i.__0vfprintf$2) refers to esp8266.o(i.fputc) for fputc
    printf2.o(i.__0vprintf$2) refers to printf2.o(i._printf_core) for _printf_core
    printf2.o(i.__0vprintf$2) refers to esp8266.o(i.fputc) for fputc
    printf2.o(i.__0vprintf$2) refers to stdout.o(.data) for __stdout
    printf2.o(i.__0vsnprintf$2) refers to printf2.o(i._printf_core) for _printf_core
    printf2.o(i.__0vsnprintf$2) refers to printf2.o(i._snputc) for _snputc
    printf2.o(i.__0vsprintf$2) refers to printf2.o(i._printf_core) for _printf_core
    printf2.o(i.__0vsprintf$2) refers to printf2.o(i._sputc) for _sputc
    printf3.o(i.__0fprintf$3) refers to printf3.o(i._printf_core) for _printf_core
    printf3.o(i.__0fprintf$3) refers to esp8266.o(i.fputc) for fputc
    printf3.o(i.__0printf$3) refers to printf3.o(i._printf_core) for _printf_core
    printf3.o(i.__0printf$3) refers to esp8266.o(i.fputc) for fputc
    printf3.o(i.__0printf$3) refers to stdout.o(.data) for __stdout
    printf3.o(i.__0snprintf$3) refers to printf3.o(i._printf_core) for _printf_core
    printf3.o(i.__0snprintf$3) refers to printf3.o(i._snputc) for _snputc
    printf3.o(i.__0sprintf$3) refers to printf3.o(i._printf_core) for _printf_core
    printf3.o(i.__0sprintf$3) refers to printf3.o(i._sputc) for _sputc
    printf3.o(i.__0vfprintf$3) refers to printf3.o(i._printf_core) for _printf_core
    printf3.o(i.__0vfprintf$3) refers to esp8266.o(i.fputc) for fputc
    printf3.o(i.__0vprintf$3) refers to printf3.o(i._printf_core) for _printf_core
    printf3.o(i.__0vprintf$3) refers to esp8266.o(i.fputc) for fputc
    printf3.o(i.__0vprintf$3) refers to stdout.o(.data) for __stdout
    printf3.o(i.__0vsnprintf$3) refers to printf3.o(i._printf_core) for _printf_core
    printf3.o(i.__0vsnprintf$3) refers to printf3.o(i._snputc) for _snputc
    printf3.o(i.__0vsprintf$3) refers to printf3.o(i._printf_core) for _printf_core
    printf3.o(i.__0vsprintf$3) refers to printf3.o(i._sputc) for _sputc
    printf3.o(i._printf_core) refers to uidiv.o(.text) for __aeabi_uidivmod
    printf4.o(i.__0fprintf$4) refers to printf4.o(i._printf_core) for _printf_core
    printf4.o(i.__0fprintf$4) refers to esp8266.o(i.fputc) for fputc
    printf4.o(i.__0printf$4) refers to printf4.o(i._printf_core) for _printf_core
    printf4.o(i.__0printf$4) refers to esp8266.o(i.fputc) for fputc
    printf4.o(i.__0printf$4) refers to stdout.o(.data) for __stdout
    printf4.o(i.__0snprintf$4) refers to printf4.o(i._printf_core) for _printf_core
    printf4.o(i.__0snprintf$4) refers to printf4.o(i._snputc) for _snputc
    printf4.o(i.__0sprintf$4) refers to printf4.o(i._printf_core) for _printf_core
    printf4.o(i.__0sprintf$4) refers to printf4.o(i._sputc) for _sputc
    printf4.o(i.__0vfprintf$4) refers to printf4.o(i._printf_core) for _printf_core
    printf4.o(i.__0vfprintf$4) refers to esp8266.o(i.fputc) for fputc
    printf4.o(i.__0vprintf$4) refers to printf4.o(i._printf_core) for _printf_core
    printf4.o(i.__0vprintf$4) refers to esp8266.o(i.fputc) for fputc
    printf4.o(i.__0vprintf$4) refers to stdout.o(.data) for __stdout
    printf4.o(i.__0vsnprintf$4) refers to printf4.o(i._printf_core) for _printf_core
    printf4.o(i.__0vsnprintf$4) refers to printf4.o(i._snputc) for _snputc
    printf4.o(i.__0vsprintf$4) refers to printf4.o(i._printf_core) for _printf_core
    printf4.o(i.__0vsprintf$4) refers to printf4.o(i._sputc) for _sputc
    printf4.o(i._printf_core) refers to uldiv.o(.text) for __aeabi_uldivmod
    printf5.o(i.__0fprintf$5) refers to printf5.o(i._printf_core) for _printf_core
    printf5.o(i.__0fprintf$5) refers to esp8266.o(i.fputc) for fputc
    printf5.o(i.__0printf$5) refers to printf5.o(i._printf_core) for _printf_core
    printf5.o(i.__0printf$5) refers to esp8266.o(i.fputc) for fputc
    printf5.o(i.__0printf$5) refers to stdout.o(.data) for __stdout
    printf5.o(i.__0snprintf$5) refers to printf5.o(i._printf_core) for _printf_core
    printf5.o(i.__0snprintf$5) refers to printf5.o(i._snputc) for _snputc
    printf5.o(i.__0sprintf$5) refers to printf5.o(i._printf_core) for _printf_core
    printf5.o(i.__0sprintf$5) refers to printf5.o(i._sputc) for _sputc
    printf5.o(i.__0vfprintf$5) refers to printf5.o(i._printf_core) for _printf_core
    printf5.o(i.__0vfprintf$5) refers to esp8266.o(i.fputc) for fputc
    printf5.o(i.__0vprintf$5) refers to printf5.o(i._printf_core) for _printf_core
    printf5.o(i.__0vprintf$5) refers to esp8266.o(i.fputc) for fputc
    printf5.o(i.__0vprintf$5) refers to stdout.o(.data) for __stdout
    printf5.o(i.__0vsnprintf$5) refers to printf5.o(i._printf_core) for _printf_core
    printf5.o(i.__0vsnprintf$5) refers to printf5.o(i._snputc) for _snputc
    printf5.o(i.__0vsprintf$5) refers to printf5.o(i._printf_core) for _printf_core
    printf5.o(i.__0vsprintf$5) refers to printf5.o(i._sputc) for _sputc
    printf5.o(i._printf_core) refers to uldiv.o(.text) for __aeabi_uldivmod
    printf6.o(i.__0fprintf$6) refers to printf6.o(i._printf_core) for _printf_core
    printf6.o(i.__0fprintf$6) refers to esp8266.o(i.fputc) for fputc
    printf6.o(i.__0printf$6) refers to printf6.o(i._printf_core) for _printf_core
    printf6.o(i.__0printf$6) refers to esp8266.o(i.fputc) for fputc
    printf6.o(i.__0printf$6) refers to stdout.o(.data) for __stdout
    printf6.o(i.__0snprintf$6) refers to printf6.o(i._printf_core) for _printf_core
    printf6.o(i.__0snprintf$6) refers to printf6.o(i._snputc) for _snputc
    printf6.o(i.__0sprintf$6) refers to printf6.o(i._printf_core) for _printf_core
    printf6.o(i.__0sprintf$6) refers to printf6.o(i._sputc) for _sputc
    printf6.o(i.__0vfprintf$6) refers to printf6.o(i._printf_core) for _printf_core
    printf6.o(i.__0vfprintf$6) refers to esp8266.o(i.fputc) for fputc
    printf6.o(i.__0vprintf$6) refers to printf6.o(i._printf_core) for _printf_core
    printf6.o(i.__0vprintf$6) refers to esp8266.o(i.fputc) for fputc
    printf6.o(i.__0vprintf$6) refers to stdout.o(.data) for __stdout
    printf6.o(i.__0vsnprintf$6) refers to printf6.o(i._printf_core) for _printf_core
    printf6.o(i.__0vsnprintf$6) refers to printf6.o(i._snputc) for _snputc
    printf6.o(i.__0vsprintf$6) refers to printf6.o(i._printf_core) for _printf_core
    printf6.o(i.__0vsprintf$6) refers to printf6.o(i._sputc) for _sputc
    printf6.o(i._printf_core) refers to printf6.o(i._printf_pre_padding) for _printf_pre_padding
    printf6.o(i._printf_core) refers to uidiv.o(.text) for __aeabi_uidivmod
    printf6.o(i._printf_core) refers to printf6.o(i._printf_post_padding) for _printf_post_padding
    printf7.o(i.__0fprintf$7) refers to printf7.o(i._printf_core) for _printf_core
    printf7.o(i.__0fprintf$7) refers to esp8266.o(i.fputc) for fputc
    printf7.o(i.__0printf$7) refers to printf7.o(i._printf_core) for _printf_core
    printf7.o(i.__0printf$7) refers to esp8266.o(i.fputc) for fputc
    printf7.o(i.__0printf$7) refers to stdout.o(.data) for __stdout
    printf7.o(i.__0snprintf$7) refers to printf7.o(i._printf_core) for _printf_core
    printf7.o(i.__0snprintf$7) refers to printf7.o(i._snputc) for _snputc
    printf7.o(i.__0sprintf$7) refers to printf7.o(i._printf_core) for _printf_core
    printf7.o(i.__0sprintf$7) refers to printf7.o(i._sputc) for _sputc
    printf7.o(i.__0vfprintf$7) refers to printf7.o(i._printf_core) for _printf_core
    printf7.o(i.__0vfprintf$7) refers to esp8266.o(i.fputc) for fputc
    printf7.o(i.__0vprintf$7) refers to printf7.o(i._printf_core) for _printf_core
    printf7.o(i.__0vprintf$7) refers to esp8266.o(i.fputc) for fputc
    printf7.o(i.__0vprintf$7) refers to stdout.o(.data) for __stdout
    printf7.o(i.__0vsnprintf$7) refers to printf7.o(i._printf_core) for _printf_core
    printf7.o(i.__0vsnprintf$7) refers to printf7.o(i._snputc) for _snputc
    printf7.o(i.__0vsprintf$7) refers to printf7.o(i._printf_core) for _printf_core
    printf7.o(i.__0vsprintf$7) refers to printf7.o(i._sputc) for _sputc
    printf7.o(i._printf_core) refers to printf7.o(i._printf_pre_padding) for _printf_pre_padding
    printf7.o(i._printf_core) refers to uldiv.o(.text) for __aeabi_uldivmod
    printf7.o(i._printf_core) refers to printf7.o(i._printf_post_padding) for _printf_post_padding
    printf8.o(i.__0fprintf$8) refers to printf8.o(i._printf_core) for _printf_core
    printf8.o(i.__0fprintf$8) refers to esp8266.o(i.fputc) for fputc
    printf8.o(i.__0printf$8) refers to printf8.o(i._printf_core) for _printf_core
    printf8.o(i.__0printf$8) refers to esp8266.o(i.fputc) for fputc
    printf8.o(i.__0printf$8) refers to stdout.o(.data) for __stdout
    printf8.o(i.__0snprintf$8) refers to printf8.o(i._printf_core) for _printf_core
    printf8.o(i.__0snprintf$8) refers to printf8.o(i._snputc) for _snputc
    printf8.o(i.__0sprintf$8) refers to printf8.o(i._printf_core) for _printf_core
    printf8.o(i.__0sprintf$8) refers to printf8.o(i._sputc) for _sputc
    printf8.o(i.__0vfprintf$8) refers to printf8.o(i._printf_core) for _printf_core
    printf8.o(i.__0vfprintf$8) refers to esp8266.o(i.fputc) for fputc
    printf8.o(i.__0vprintf$8) refers to printf8.o(i._printf_core) for _printf_core
    printf8.o(i.__0vprintf$8) refers to esp8266.o(i.fputc) for fputc
    printf8.o(i.__0vprintf$8) refers to stdout.o(.data) for __stdout
    printf8.o(i.__0vsnprintf$8) refers to printf8.o(i._printf_core) for _printf_core
    printf8.o(i.__0vsnprintf$8) refers to printf8.o(i._snputc) for _snputc
    printf8.o(i.__0vsprintf$8) refers to printf8.o(i._printf_core) for _printf_core
    printf8.o(i.__0vsprintf$8) refers to printf8.o(i._sputc) for _sputc
    printf8.o(i._printf_core) refers to printf8.o(i._printf_pre_padding) for _printf_pre_padding
    printf8.o(i._printf_core) refers to uldiv.o(.text) for __aeabi_uldivmod
    printf8.o(i._printf_core) refers to printf8.o(i._printf_post_padding) for _printf_post_padding
    printfa.o(i.__0fprintf) refers (Special) to iusefp.o(.text) for __I$use$fp
    printfa.o(i.__0fprintf) refers to printfa.o(i._printf_core) for _printf_core
    printfa.o(i.__0fprintf) refers to esp8266.o(i.fputc) for fputc
    printfa.o(i.__0printf) refers (Special) to iusefp.o(.text) for __I$use$fp
    printfa.o(i.__0printf) refers to printfa.o(i._printf_core) for _printf_core
    printfa.o(i.__0printf) refers to esp8266.o(i.fputc) for fputc
    printfa.o(i.__0printf) refers to stdout.o(.data) for __stdout
    printfa.o(i.__0snprintf) refers (Special) to iusefp.o(.text) for __I$use$fp
    printfa.o(i.__0snprintf) refers to printfa.o(i._printf_core) for _printf_core
    printfa.o(i.__0snprintf) refers to printfa.o(i._snputc) for _snputc
    printfa.o(i.__0sprintf) refers (Special) to iusefp.o(.text) for __I$use$fp
    printfa.o(i.__0sprintf) refers to printfa.o(i._printf_core) for _printf_core
    printfa.o(i.__0sprintf) refers to printfa.o(i._sputc) for _sputc
    printfa.o(i.__0vfprintf) refers (Special) to iusefp.o(.text) for __I$use$fp
    printfa.o(i.__0vfprintf) refers to printfa.o(i._printf_core) for _printf_core
    printfa.o(i.__0vfprintf) refers to esp8266.o(i.fputc) for fputc
    printfa.o(i.__0vprintf) refers (Special) to iusefp.o(.text) for __I$use$fp
    printfa.o(i.__0vprintf) refers to printfa.o(i._printf_core) for _printf_core
    printfa.o(i.__0vprintf) refers to esp8266.o(i.fputc) for fputc
    printfa.o(i.__0vprintf) refers to stdout.o(.data) for __stdout
    printfa.o(i.__0vsnprintf) refers (Special) to iusefp.o(.text) for __I$use$fp
    printfa.o(i.__0vsnprintf) refers to printfa.o(i._printf_core) for _printf_core
    printfa.o(i.__0vsnprintf) refers to printfa.o(i._snputc) for _snputc
    printfa.o(i.__0vsprintf) refers (Special) to iusefp.o(.text) for __I$use$fp
    printfa.o(i.__0vsprintf) refers to printfa.o(i._printf_core) for _printf_core
    printfa.o(i.__0vsprintf) refers to printfa.o(i._sputc) for _sputc
    printfa.o(i._fp_digits) refers (Special) to iusefp.o(.text) for __I$use$fp
    printfa.o(i._fp_digits) refers to dmul.o(.text) for __aeabi_dmul
    printfa.o(i._fp_digits) refers to ddiv.o(.text) for __aeabi_ddiv
    printfa.o(i._fp_digits) refers to cdrcmple.o(.text) for __aeabi_cdrcmple
    printfa.o(i._fp_digits) refers to dadd.o(.text) for __aeabi_dadd
    printfa.o(i._fp_digits) refers to dfixul.o(.text) for __aeabi_d2ulz
    printfa.o(i._fp_digits) refers to uldiv.o(.text) for __aeabi_uldivmod
    printfa.o(i._printf_core) refers (Special) to iusefp.o(.text) for __I$use$fp
    printfa.o(i._printf_core) refers to printfa.o(i._printf_pre_padding) for _printf_pre_padding
    printfa.o(i._printf_core) refers to uldiv.o(.text) for __aeabi_uldivmod
    printfa.o(i._printf_core) refers to printfa.o(i._printf_post_padding) for _printf_post_padding
    printfa.o(i._printf_core) refers to printfa.o(i._fp_digits) for _fp_digits
    printfa.o(i._printf_core) refers to uidiv.o(.text) for __aeabi_uidivmod
    printfa.o(i._printf_post_padding) refers (Special) to iusefp.o(.text) for __I$use$fp
    printfa.o(i._printf_pre_padding) refers (Special) to iusefp.o(.text) for __I$use$fp
    printfa.o(i._snputc) refers (Special) to iusefp.o(.text) for __I$use$fp
    printfa.o(i._sputc) refers (Special) to iusefp.o(.text) for __I$use$fp
    entry2.o(.ARM.Collect$$$$00000001) refers to entry2.o(.ARM.Collect$$$$00002712) for __lit__00000000
    entry2.o(.ARM.Collect$$$$00002712) refers to startup_stm32f10x_hd.o(STACK) for __initial_sp
    entry2.o(__vectab_stack_and_reset_area) refers to startup_stm32f10x_hd.o(STACK) for __initial_sp
    entry2.o(__vectab_stack_and_reset_area) refers to entry.o(.ARM.Collect$$$$00000000) for __main
    entry5.o(.ARM.Collect$$$$00000004) refers to init.o(.text) for __scatterload
    entry9a.o(.ARM.Collect$$$$0000000B) refers to main.o(i.main) for main
    entry9b.o(.ARM.Collect$$$$0000000C) refers to main.o(i.main) for main
    uldiv.o(.text) refers to llushr.o(.text) for __aeabi_llsr
    uldiv.o(.text) refers to llshl.o(.text) for __aeabi_llsl
    dadd.o(.text) refers to llshl.o(.text) for __aeabi_llsl
    dadd.o(.text) refers to llsshr.o(.text) for __aeabi_lasr
    dadd.o(.text) refers to depilogue.o(.text) for _double_epilogue
    dmul.o(.text) refers to depilogue.o(.text) for _double_epilogue
    ddiv.o(.text) refers to depilogue.o(.text) for _double_round
    dfixul.o(.text) refers to llushr.o(.text) for __aeabi_llsr
    dfixul.o(.text) refers to llshl.o(.text) for __aeabi_llsl
    init.o(.text) refers to entry5.o(.ARM.Collect$$$$00000004) for __main_after_scatterload
    depilogue.o(.text) refers to llshl.o(.text) for __aeabi_llsl
    depilogue.o(.text) refers to llushr.o(.text) for __aeabi_llsr


==============================================================================

Removing Unused input sections from the image.

    Removing main.o(.rev16_text), (4 bytes).
    Removing main.o(.revsh_text), (4 bytes).
    Removing main.o(.rrx_text), (6 bytes).
    Removing ov7670.o(.rev16_text), (4 bytes).
    Removing ov7670.o(.revsh_text), (4 bytes).
    Removing ov7670.o(.rrx_text), (6 bytes).
    Removing ov7670.o(i.OV7670_Brightness), (50 bytes).
    Removing ov7670.o(i.OV7670_Color_Saturation), (152 bytes).
    Removing ov7670.o(i.OV7670_Contrast), (50 bytes).
    Removing ov7670.o(i.OV7670_Light_Mode), (92 bytes).
    Removing ov7670.o(i.OV7670_Special_Effects), (106 bytes).
    Removing sccb.o(.rev16_text), (4 bytes).
    Removing sccb.o(.revsh_text), (4 bytes).
    Removing sccb.o(.rrx_text), (6 bytes).
    Removing user_exti.o(.rev16_text), (4 bytes).
    Removing user_exti.o(.revsh_text), (4 bytes).
    Removing user_exti.o(.rrx_text), (6 bytes).
    Removing user_ili9341_lcd.o(.rev16_text), (4 bytes).
    Removing user_ili9341_lcd.o(.revsh_text), (4 bytes).
    Removing user_ili9341_lcd.o(.rrx_text), (6 bytes).
    Removing user_ili9341_lcd.o(i.LCD_Clear), (112 bytes).
    Removing user_ili9341_lcd.o(i.LCD_DisNum), (132 bytes).
    Removing user_ili9341_lcd.o(i.LCD_GetPoint), (32 bytes).
    Removing user_ili9341_lcd.o(i.LCD_RD_data), (40 bytes).
    Removing user_ili9341_lcd.o(i.LCD_SetCursor), (44 bytes).
    Removing user_ili9341_lcd.o(i.LCD_SetPoint), (36 bytes).
    Removing esp8266.o(.rev16_text), (4 bytes).
    Removing esp8266.o(.revsh_text), (4 bytes).
    Removing esp8266.o(.rrx_text), (6 bytes).
    Removing esp8266.o(i.fgetc), (32 bytes).
    Removing led.o(.rev16_text), (4 bytes).
    Removing led.o(.revsh_text), (4 bytes).
    Removing led.o(.rrx_text), (6 bytes).
    Removing led.o(i.led_toggle), (88 bytes).
    Removing led.o(i.leds_on), (44 bytes).
    Removing oled.o(.rev16_text), (4 bytes).
    Removing oled.o(.revsh_text), (4 bytes).
    Removing oled.o(.rrx_text), (6 bytes).
    Removing oled.o(i.LCD_P16x16Ch), (88 bytes).
    Removing oled.o(i.OLED_DrawBMP), (120 bytes).
    Removing oled.o(i.OLED_ShowChar), (112 bytes).
    Removing oledfont.o(.rev16_text), (4 bytes).
    Removing oledfont.o(.revsh_text), (4 bytes).
    Removing oledfont.o(.rrx_text), (6 bytes).
    Removing misc.o(.rev16_text), (4 bytes).
    Removing misc.o(.revsh_text), (4 bytes).
    Removing misc.o(.rrx_text), (6 bytes).
    Removing misc.o(i.NVIC_SetVectorTable), (20 bytes).
    Removing misc.o(i.NVIC_SystemLPConfig), (32 bytes).
    Removing misc.o(i.SysTick_CLKSourceConfig), (40 bytes).
    Removing stm32f10x_dbgmcu.o(.rev16_text), (4 bytes).
    Removing stm32f10x_dbgmcu.o(.revsh_text), (4 bytes).
    Removing stm32f10x_dbgmcu.o(.rrx_text), (6 bytes).
    Removing stm32f10x_dbgmcu.o(i.DBGMCU_Config), (32 bytes).
    Removing stm32f10x_dbgmcu.o(i.DBGMCU_GetDEVID), (16 bytes).
    Removing stm32f10x_dbgmcu.o(i.DBGMCU_GetREVID), (12 bytes).
    Removing stm32f10x_rcc.o(.rev16_text), (4 bytes).
    Removing stm32f10x_rcc.o(.revsh_text), (4 bytes).
    Removing stm32f10x_rcc.o(.rrx_text), (6 bytes).
    Removing stm32f10x_rcc.o(i.RCC_ADCCLKConfig), (24 bytes).
    Removing stm32f10x_rcc.o(i.RCC_AdjustHSICalibrationValue), (24 bytes).
    Removing stm32f10x_rcc.o(i.RCC_BackupResetCmd), (12 bytes).
    Removing stm32f10x_rcc.o(i.RCC_ClearFlag), (20 bytes).
    Removing stm32f10x_rcc.o(i.RCC_ClearITPendingBit), (12 bytes).
    Removing stm32f10x_rcc.o(i.RCC_ClockSecuritySystemCmd), (12 bytes).
    Removing stm32f10x_rcc.o(i.RCC_DeInit), (76 bytes).
    Removing stm32f10x_rcc.o(i.RCC_GetFlagStatus), (60 bytes).
    Removing stm32f10x_rcc.o(i.RCC_GetITStatus), (24 bytes).
    Removing stm32f10x_rcc.o(i.RCC_GetSYSCLKSource), (16 bytes).
    Removing stm32f10x_rcc.o(i.RCC_HCLKConfig), (24 bytes).
    Removing stm32f10x_rcc.o(i.RCC_HSEConfig), (76 bytes).
    Removing stm32f10x_rcc.o(i.RCC_HSICmd), (12 bytes).
    Removing stm32f10x_rcc.o(i.RCC_ITConfig), (32 bytes).
    Removing stm32f10x_rcc.o(i.RCC_LSEConfig), (52 bytes).
    Removing stm32f10x_rcc.o(i.RCC_LSICmd), (12 bytes).
    Removing stm32f10x_rcc.o(i.RCC_MCOConfig), (12 bytes).
    Removing stm32f10x_rcc.o(i.RCC_PCLK1Config), (24 bytes).
    Removing stm32f10x_rcc.o(i.RCC_PCLK2Config), (24 bytes).
    Removing stm32f10x_rcc.o(i.RCC_PLLCmd), (12 bytes).
    Removing stm32f10x_rcc.o(i.RCC_PLLConfig), (28 bytes).
    Removing stm32f10x_rcc.o(i.RCC_RTCCLKCmd), (12 bytes).
    Removing stm32f10x_rcc.o(i.RCC_RTCCLKConfig), (16 bytes).
    Removing stm32f10x_rcc.o(i.RCC_SYSCLKConfig), (24 bytes).
    Removing stm32f10x_rcc.o(i.RCC_USBCLKConfig), (12 bytes).
    Removing stm32f10x_rcc.o(i.RCC_WaitForHSEStartUp), (56 bytes).
    Removing stm32f10x_usart.o(.rev16_text), (4 bytes).
    Removing stm32f10x_usart.o(.revsh_text), (4 bytes).
    Removing stm32f10x_usart.o(.rrx_text), (6 bytes).
    Removing stm32f10x_usart.o(i.USART_ClearFlag), (18 bytes).
    Removing stm32f10x_usart.o(i.USART_ClockStructInit), (12 bytes).
    Removing stm32f10x_usart.o(i.USART_DMACmd), (18 bytes).
    Removing stm32f10x_usart.o(i.USART_HalfDuplexCmd), (24 bytes).
    Removing stm32f10x_usart.o(i.USART_IrDACmd), (24 bytes).
    Removing stm32f10x_usart.o(i.USART_IrDAConfig), (18 bytes).
    Removing stm32f10x_usart.o(i.USART_LINBreakDetectLengthConfig), (18 bytes).
    Removing stm32f10x_usart.o(i.USART_LINCmd), (24 bytes).
    Removing stm32f10x_usart.o(i.USART_OneBitMethodCmd), (24 bytes).
    Removing stm32f10x_usart.o(i.USART_OverSampling8Cmd), (22 bytes).
    Removing stm32f10x_usart.o(i.USART_ReceiverWakeUpCmd), (24 bytes).
    Removing stm32f10x_usart.o(i.USART_SendBreak), (10 bytes).
    Removing stm32f10x_usart.o(i.USART_SetAddress), (18 bytes).
    Removing stm32f10x_usart.o(i.USART_SetGuardTime), (16 bytes).
    Removing stm32f10x_usart.o(i.USART_SetPrescaler), (16 bytes).
    Removing stm32f10x_usart.o(i.USART_SmartCardCmd), (24 bytes).
    Removing stm32f10x_usart.o(i.USART_SmartCardNACKCmd), (24 bytes).
    Removing stm32f10x_usart.o(i.USART_StructInit), (24 bytes).
    Removing stm32f10x_usart.o(i.USART_WakeUpConfig), (18 bytes).
    Removing stm32f10x_gpio.o(.rev16_text), (4 bytes).
    Removing stm32f10x_gpio.o(.revsh_text), (4 bytes).
    Removing stm32f10x_gpio.o(.rrx_text), (6 bytes).
    Removing stm32f10x_gpio.o(i.GPIO_AFIODeInit), (20 bytes).
    Removing stm32f10x_gpio.o(i.GPIO_DeInit), (200 bytes).
    Removing stm32f10x_gpio.o(i.GPIO_ETH_MediaInterfaceConfig), (12 bytes).
    Removing stm32f10x_gpio.o(i.GPIO_EventOutputCmd), (12 bytes).
    Removing stm32f10x_gpio.o(i.GPIO_EventOutputConfig), (32 bytes).
    Removing stm32f10x_gpio.o(i.GPIO_PinLockConfig), (18 bytes).
    Removing stm32f10x_gpio.o(i.GPIO_PinRemapConfig), (144 bytes).
    Removing stm32f10x_gpio.o(i.GPIO_ReadInputData), (8 bytes).
    Removing stm32f10x_gpio.o(i.GPIO_ReadOutputData), (8 bytes).
    Removing stm32f10x_gpio.o(i.GPIO_ReadOutputDataBit), (18 bytes).
    Removing stm32f10x_gpio.o(i.GPIO_StructInit), (16 bytes).
    Removing stm32f10x_gpio.o(i.GPIO_Write), (4 bytes).
    Removing stm32f10x_gpio.o(i.GPIO_WriteBit), (10 bytes).
    Removing stm32f10x_exti.o(.rev16_text), (4 bytes).
    Removing stm32f10x_exti.o(.revsh_text), (4 bytes).
    Removing stm32f10x_exti.o(.rrx_text), (6 bytes).
    Removing stm32f10x_exti.o(i.EXTI_ClearFlag), (12 bytes).
    Removing stm32f10x_exti.o(i.EXTI_DeInit), (36 bytes).
    Removing stm32f10x_exti.o(i.EXTI_GenerateSWInterrupt), (16 bytes).
    Removing stm32f10x_exti.o(i.EXTI_GetFlagStatus), (24 bytes).
    Removing stm32f10x_exti.o(i.EXTI_StructInit), (16 bytes).
    Removing stm32f10x_fsmc.o(.rev16_text), (4 bytes).
    Removing stm32f10x_fsmc.o(.revsh_text), (4 bytes).
    Removing stm32f10x_fsmc.o(.rrx_text), (6 bytes).
    Removing stm32f10x_fsmc.o(i.FSMC_ClearFlag), (64 bytes).
    Removing stm32f10x_fsmc.o(i.FSMC_ClearITPendingBit), (72 bytes).
    Removing stm32f10x_fsmc.o(i.FSMC_GetECC), (28 bytes).
    Removing stm32f10x_fsmc.o(i.FSMC_GetFlagStatus), (56 bytes).
    Removing stm32f10x_fsmc.o(i.FSMC_GetITStatus), (68 bytes).
    Removing stm32f10x_fsmc.o(i.FSMC_ITConfig), (128 bytes).
    Removing stm32f10x_fsmc.o(i.FSMC_NANDCmd), (92 bytes).
    Removing stm32f10x_fsmc.o(i.FSMC_NANDDeInit), (68 bytes).
    Removing stm32f10x_fsmc.o(i.FSMC_NANDECCCmd), (92 bytes).
    Removing stm32f10x_fsmc.o(i.FSMC_NANDInit), (136 bytes).
    Removing stm32f10x_fsmc.o(i.FSMC_NANDStructInit), (54 bytes).
    Removing stm32f10x_fsmc.o(i.FSMC_NORSRAMDeInit), (54 bytes).
    Removing stm32f10x_fsmc.o(i.FSMC_NORSRAMStructInit), (114 bytes).
    Removing stm32f10x_fsmc.o(i.FSMC_PCCARDCmd), (48 bytes).
    Removing stm32f10x_fsmc.o(i.FSMC_PCCARDDeInit), (40 bytes).
    Removing stm32f10x_fsmc.o(i.FSMC_PCCARDInit), (132 bytes).
    Removing stm32f10x_fsmc.o(i.FSMC_PCCARDStructInit), (60 bytes).
    Removing stm32f10x_tim.o(.rev16_text), (4 bytes).
    Removing stm32f10x_tim.o(.revsh_text), (4 bytes).
    Removing stm32f10x_tim.o(.rrx_text), (6 bytes).
    Removing stm32f10x_tim.o(i.TI1_Config), (128 bytes).
    Removing stm32f10x_tim.o(i.TI2_Config), (152 bytes).
    Removing stm32f10x_tim.o(i.TI3_Config), (144 bytes).
    Removing stm32f10x_tim.o(i.TI4_Config), (152 bytes).
    Removing stm32f10x_tim.o(i.TIM_ARRPreloadConfig), (24 bytes).
    Removing stm32f10x_tim.o(i.TIM_BDTRConfig), (32 bytes).
    Removing stm32f10x_tim.o(i.TIM_BDTRStructInit), (18 bytes).
    Removing stm32f10x_tim.o(i.TIM_CCPreloadControl), (24 bytes).
    Removing stm32f10x_tim.o(i.TIM_CCxCmd), (30 bytes).
    Removing stm32f10x_tim.o(i.TIM_CCxNCmd), (30 bytes).
    Removing stm32f10x_tim.o(i.TIM_ClearFlag), (6 bytes).
    Removing stm32f10x_tim.o(i.TIM_ClearITPendingBit), (6 bytes).
    Removing stm32f10x_tim.o(i.TIM_ClearOC1Ref), (18 bytes).
    Removing stm32f10x_tim.o(i.TIM_ClearOC2Ref), (24 bytes).
    Removing stm32f10x_tim.o(i.TIM_ClearOC3Ref), (18 bytes).
    Removing stm32f10x_tim.o(i.TIM_ClearOC4Ref), (24 bytes).
    Removing stm32f10x_tim.o(i.TIM_Cmd), (24 bytes).
    Removing stm32f10x_tim.o(i.TIM_CounterModeConfig), (18 bytes).
    Removing stm32f10x_tim.o(i.TIM_CtrlPWMOutputs), (30 bytes).
    Removing stm32f10x_tim.o(i.TIM_DMACmd), (18 bytes).
    Removing stm32f10x_tim.o(i.TIM_DMAConfig), (10 bytes).
    Removing stm32f10x_tim.o(i.TIM_DeInit), (488 bytes).
    Removing stm32f10x_tim.o(i.TIM_ETRClockMode1Config), (54 bytes).
    Removing stm32f10x_tim.o(i.TIM_ETRClockMode2Config), (32 bytes).
    Removing stm32f10x_tim.o(i.TIM_ETRConfig), (28 bytes).
    Removing stm32f10x_tim.o(i.TIM_EncoderInterfaceConfig), (66 bytes).
    Removing stm32f10x_tim.o(i.TIM_ForcedOC1Config), (18 bytes).
    Removing stm32f10x_tim.o(i.TIM_ForcedOC2Config), (26 bytes).
    Removing stm32f10x_tim.o(i.TIM_ForcedOC3Config), (18 bytes).
    Removing stm32f10x_tim.o(i.TIM_ForcedOC4Config), (26 bytes).
    Removing stm32f10x_tim.o(i.TIM_GenerateEvent), (4 bytes).
    Removing stm32f10x_tim.o(i.TIM_GetCapture1), (6 bytes).
    Removing stm32f10x_tim.o(i.TIM_GetCapture2), (6 bytes).
    Removing stm32f10x_tim.o(i.TIM_GetCapture3), (6 bytes).
    Removing stm32f10x_tim.o(i.TIM_GetCapture4), (8 bytes).
    Removing stm32f10x_tim.o(i.TIM_GetCounter), (6 bytes).
    Removing stm32f10x_tim.o(i.TIM_GetFlagStatus), (18 bytes).
    Removing stm32f10x_tim.o(i.TIM_GetITStatus), (34 bytes).
    Removing stm32f10x_tim.o(i.TIM_GetPrescaler), (6 bytes).
    Removing stm32f10x_tim.o(i.TIM_ICInit), (172 bytes).
    Removing stm32f10x_tim.o(i.TIM_ICStructInit), (18 bytes).
    Removing stm32f10x_tim.o(i.TIM_ITConfig), (18 bytes).
    Removing stm32f10x_tim.o(i.TIM_ITRxExternalClockConfig), (24 bytes).
    Removing stm32f10x_tim.o(i.TIM_InternalClockConfig), (12 bytes).
    Removing stm32f10x_tim.o(i.TIM_OC1FastConfig), (18 bytes).
    Removing stm32f10x_tim.o(i.TIM_OC1Init), (152 bytes).
    Removing stm32f10x_tim.o(i.TIM_OC1NPolarityConfig), (18 bytes).
    Removing stm32f10x_tim.o(i.TIM_OC1PolarityConfig), (18 bytes).
    Removing stm32f10x_tim.o(i.TIM_OC1PreloadConfig), (18 bytes).
    Removing stm32f10x_tim.o(i.TIM_OC2FastConfig), (26 bytes).
    Removing stm32f10x_tim.o(i.TIM_OC2Init), (164 bytes).
    Removing stm32f10x_tim.o(i.TIM_OC2NPolarityConfig), (26 bytes).
    Removing stm32f10x_tim.o(i.TIM_OC2PolarityConfig), (26 bytes).
    Removing stm32f10x_tim.o(i.TIM_OC2PreloadConfig), (26 bytes).
    Removing stm32f10x_tim.o(i.TIM_OC3FastConfig), (18 bytes).
    Removing stm32f10x_tim.o(i.TIM_OC3Init), (160 bytes).
    Removing stm32f10x_tim.o(i.TIM_OC3NPolarityConfig), (26 bytes).
    Removing stm32f10x_tim.o(i.TIM_OC3PolarityConfig), (26 bytes).
    Removing stm32f10x_tim.o(i.TIM_OC3PreloadConfig), (18 bytes).
    Removing stm32f10x_tim.o(i.TIM_OC4FastConfig), (26 bytes).
    Removing stm32f10x_tim.o(i.TIM_OC4Init), (124 bytes).
    Removing stm32f10x_tim.o(i.TIM_OC4PolarityConfig), (26 bytes).
    Removing stm32f10x_tim.o(i.TIM_OC4PreloadConfig), (26 bytes).
    Removing stm32f10x_tim.o(i.TIM_OCStructInit), (20 bytes).
    Removing stm32f10x_tim.o(i.TIM_PWMIConfig), (124 bytes).
    Removing stm32f10x_tim.o(i.TIM_PrescalerConfig), (6 bytes).
    Removing stm32f10x_tim.o(i.TIM_SelectCCDMA), (24 bytes).
    Removing stm32f10x_tim.o(i.TIM_SelectCOM), (24 bytes).
    Removing stm32f10x_tim.o(i.TIM_SelectHallSensor), (24 bytes).
    Removing stm32f10x_tim.o(i.TIM_SelectInputTrigger), (18 bytes).
    Removing stm32f10x_tim.o(i.TIM_SelectMasterSlaveMode), (18 bytes).
    Removing stm32f10x_tim.o(i.TIM_SelectOCxM), (82 bytes).
    Removing stm32f10x_tim.o(i.TIM_SelectOnePulseMode), (18 bytes).
    Removing stm32f10x_tim.o(i.TIM_SelectOutputTrigger), (18 bytes).
    Removing stm32f10x_tim.o(i.TIM_SelectSlaveMode), (18 bytes).
    Removing stm32f10x_tim.o(i.TIM_SetAutoreload), (4 bytes).
    Removing stm32f10x_tim.o(i.TIM_SetClockDivision), (18 bytes).
    Removing stm32f10x_tim.o(i.TIM_SetCompare1), (4 bytes).
    Removing stm32f10x_tim.o(i.TIM_SetCompare2), (4 bytes).
    Removing stm32f10x_tim.o(i.TIM_SetCompare3), (4 bytes).
    Removing stm32f10x_tim.o(i.TIM_SetCompare4), (6 bytes).
    Removing stm32f10x_tim.o(i.TIM_SetCounter), (4 bytes).
    Removing stm32f10x_tim.o(i.TIM_SetIC1Prescaler), (18 bytes).
    Removing stm32f10x_tim.o(i.TIM_SetIC2Prescaler), (26 bytes).
    Removing stm32f10x_tim.o(i.TIM_SetIC3Prescaler), (18 bytes).
    Removing stm32f10x_tim.o(i.TIM_SetIC4Prescaler), (26 bytes).
    Removing stm32f10x_tim.o(i.TIM_TIxExternalClockConfig), (62 bytes).
    Removing stm32f10x_tim.o(i.TIM_TimeBaseInit), (164 bytes).
    Removing stm32f10x_tim.o(i.TIM_TimeBaseStructInit), (18 bytes).
    Removing stm32f10x_tim.o(i.TIM_UpdateDisableConfig), (24 bytes).
    Removing stm32f10x_tim.o(i.TIM_UpdateRequestConfig), (24 bytes).
    Removing stm32f10x_spi.o(.rev16_text), (4 bytes).
    Removing stm32f10x_spi.o(.revsh_text), (4 bytes).
    Removing stm32f10x_spi.o(.rrx_text), (6 bytes).
    Removing stm32f10x_spi.o(i.I2S_Cmd), (24 bytes).
    Removing stm32f10x_spi.o(i.I2S_Init), (232 bytes).
    Removing stm32f10x_spi.o(i.I2S_StructInit), (20 bytes).
    Removing stm32f10x_spi.o(i.SPI_BiDirectionalLineConfig), (28 bytes).
    Removing stm32f10x_spi.o(i.SPI_CalculateCRC), (24 bytes).
    Removing stm32f10x_spi.o(i.SPI_DataSizeConfig), (18 bytes).
    Removing stm32f10x_spi.o(i.SPI_GetCRC), (16 bytes).
    Removing stm32f10x_spi.o(i.SPI_GetCRCPolynomial), (6 bytes).
    Removing stm32f10x_spi.o(i.SPI_I2S_ClearFlag), (6 bytes).
    Removing stm32f10x_spi.o(i.SPI_I2S_ClearITPendingBit), (20 bytes).
    Removing stm32f10x_spi.o(i.SPI_I2S_DMACmd), (18 bytes).
    Removing stm32f10x_spi.o(i.SPI_I2S_DeInit), (88 bytes).
    Removing stm32f10x_spi.o(i.SPI_I2S_GetITStatus), (52 bytes).
    Removing stm32f10x_spi.o(i.SPI_I2S_ITConfig), (32 bytes).
    Removing stm32f10x_spi.o(i.SPI_NSSInternalSoftwareConfig), (30 bytes).
    Removing stm32f10x_spi.o(i.SPI_SSOutputCmd), (24 bytes).
    Removing stm32f10x_spi.o(i.SPI_StructInit), (24 bytes).
    Removing stm32f10x_spi.o(i.SPI_TransmitCRC), (10 bytes).
    Removing stm32f10x_iwdg.o(.rev16_text), (4 bytes).
    Removing stm32f10x_iwdg.o(.revsh_text), (4 bytes).
    Removing stm32f10x_iwdg.o(.rrx_text), (6 bytes).
    Removing stm32f10x_iwdg.o(i.IWDG_Enable), (16 bytes).
    Removing stm32f10x_iwdg.o(i.IWDG_GetFlagStatus), (24 bytes).
    Removing stm32f10x_iwdg.o(i.IWDG_ReloadCounter), (16 bytes).
    Removing stm32f10x_iwdg.o(i.IWDG_SetPrescaler), (12 bytes).
    Removing stm32f10x_iwdg.o(i.IWDG_SetReload), (12 bytes).
    Removing stm32f10x_iwdg.o(i.IWDG_WriteAccessCmd), (12 bytes).
    Removing startup_stm32f10x_hd.o(HEAP), (512 bytes).
    Removing system_stm32f10x.o(.rev16_text), (4 bytes).
    Removing system_stm32f10x.o(.revsh_text), (4 bytes).
    Removing system_stm32f10x.o(.rrx_text), (6 bytes).
    Removing system_stm32f10x.o(i.SystemCoreClockUpdate), (164 bytes).
    Removing system_stm32f10x.o(.data), (20 bytes).
    Removing dadd.o(.text), (334 bytes).
    Removing dmul.o(.text), (228 bytes).
    Removing ddiv.o(.text), (222 bytes).
    Removing dfixul.o(.text), (48 bytes).
    Removing cdrcmple.o(.text), (48 bytes).
    Removing depilogue.o(.text), (186 bytes).
    Removing user_ili9341_lcd.o(i.ILI9341_Write_Data), (12 bytes).

288 unused section(s) (total 11080 bytes) removed from the image.

==============================================================================

Image Symbol Table

    Local Symbols

    Symbol Name                              Value     Ov Type        Size  Object(Section)

    ../clib/../cmprslib/zerorunl2.c          0x00000000   Number         0  __dczerorl2.o ABSOLUTE
    ../clib/microlib/division.c              0x00000000   Number         0  uidiv.o ABSOLUTE
    ../clib/microlib/division.c              0x00000000   Number         0  uldiv.o ABSOLUTE
    ../clib/microlib/init/entry.s            0x00000000   Number         0  entry10a.o ABSOLUTE
    ../clib/microlib/init/entry.s            0x00000000   Number         0  entry11b.o ABSOLUTE
    ../clib/microlib/init/entry.s            0x00000000   Number         0  entry10b.o ABSOLUTE
    ../clib/microlib/init/entry.s            0x00000000   Number         0  entry7a.o ABSOLUTE
    ../clib/microlib/init/entry.s            0x00000000   Number         0  entry11a.o ABSOLUTE
    ../clib/microlib/init/entry.s            0x00000000   Number         0  entry9a.o ABSOLUTE
    ../clib/microlib/init/entry.s            0x00000000   Number         0  entry7b.o ABSOLUTE
    ../clib/microlib/init/entry.s            0x00000000   Number         0  entry.o ABSOLUTE
    ../clib/microlib/init/entry.s            0x00000000   Number         0  entry8a.o ABSOLUTE
    ../clib/microlib/init/entry.s            0x00000000   Number         0  entry8b.o ABSOLUTE
    ../clib/microlib/init/entry.s            0x00000000   Number         0  entry5.o ABSOLUTE
    ../clib/microlib/init/entry.s            0x00000000   Number         0  entry2.o ABSOLUTE
    ../clib/microlib/init/entry.s            0x00000000   Number         0  entry9b.o ABSOLUTE
    ../clib/microlib/longlong.c              0x00000000   Number         0  llshl.o ABSOLUTE
    ../clib/microlib/longlong.c              0x00000000   Number         0  llsshr.o ABSOLUTE
    ../clib/microlib/longlong.c              0x00000000   Number         0  llushr.o ABSOLUTE
    ../clib/microlib/printf/printf.c         0x00000000   Number         0  printf4.o ABSOLUTE
    ../clib/microlib/printf/printf.c         0x00000000   Number         0  printf5.o ABSOLUTE
    ../clib/microlib/printf/printf.c         0x00000000   Number         0  printf6.o ABSOLUTE
    ../clib/microlib/printf/printf.c         0x00000000   Number         0  printf3.o ABSOLUTE
    ../clib/microlib/printf/printf.c         0x00000000   Number         0  printf7.o ABSOLUTE
    ../clib/microlib/printf/printf.c         0x00000000   Number         0  printf8.o ABSOLUTE
    ../clib/microlib/printf/printf.c         0x00000000   Number         0  printf2.o ABSOLUTE
    ../clib/microlib/printf/printf.c         0x00000000   Number         0  printf1.o ABSOLUTE
    ../clib/microlib/printf/printf.c         0x00000000   Number         0  printf0.o ABSOLUTE
    ../clib/microlib/printf/printf.c         0x00000000   Number         0  printfb.o ABSOLUTE
    ../clib/microlib/printf/printf.c         0x00000000   Number         0  printfa.o ABSOLUTE
    ../clib/microlib/stdio/streams.c         0x00000000   Number         0  stdout.o ABSOLUTE
    ../clib/microlib/string/memset.c         0x00000000   Number         0  memseta.o ABSOLUTE
    ../clib/microlib/string/strstr.c         0x00000000   Number         0  strstr.o ABSOLUTE
    ../clib/microlib/stubs.s                 0x00000000   Number         0  iusefp.o ABSOLUTE
    ../fplib/microlib/fpadd.c                0x00000000   Number         0  dadd.o ABSOLUTE
    ../fplib/microlib/fpdiv.c                0x00000000   Number         0  ddiv.o ABSOLUTE
    ../fplib/microlib/fpepilogue.c           0x00000000   Number         0  depilogue.o ABSOLUTE
    ../fplib/microlib/fpfix.c                0x00000000   Number         0  dfixul.o ABSOLUTE
    ../fplib/microlib/fpmul.c                0x00000000   Number         0  dmul.o ABSOLUTE
    ..\Lib\F10x_FWLIB\src\misc.c             0x00000000   Number         0  misc.o ABSOLUTE
    ..\Lib\F10x_FWLIB\src\stm32f10x_dbgmcu.c 0x00000000   Number         0  stm32f10x_dbgmcu.o ABSOLUTE
    ..\Lib\F10x_FWLIB\src\stm32f10x_exti.c   0x00000000   Number         0  stm32f10x_exti.o ABSOLUTE
    ..\Lib\F10x_FWLIB\src\stm32f10x_fsmc.c   0x00000000   Number         0  stm32f10x_fsmc.o ABSOLUTE
    ..\Lib\F10x_FWLIB\src\stm32f10x_gpio.c   0x00000000   Number         0  stm32f10x_gpio.o ABSOLUTE
    ..\Lib\F10x_FWLIB\src\stm32f10x_iwdg.c   0x00000000   Number         0  stm32f10x_iwdg.o ABSOLUTE
    ..\Lib\F10x_FWLIB\src\stm32f10x_rcc.c    0x00000000   Number         0  stm32f10x_rcc.o ABSOLUTE
    ..\Lib\F10x_FWLIB\src\stm32f10x_spi.c    0x00000000   Number         0  stm32f10x_spi.o ABSOLUTE
    ..\Lib\F10x_FWLIB\src\stm32f10x_tim.c    0x00000000   Number         0  stm32f10x_tim.o ABSOLUTE
    ..\Lib\F10x_FWLIB\src\stm32f10x_usart.c  0x00000000   Number         0  stm32f10x_usart.o ABSOLUTE
    ..\User\bsp\esp8266.c                    0x00000000   Number         0  esp8266.o ABSOLUTE
    ..\User\bsp\led.c                        0x00000000   Number         0  led.o ABSOLUTE
    ..\User\bsp\oled.c                       0x00000000   Number         0  oled.o ABSOLUTE
    ..\User\bsp\oledfont.c                   0x00000000   Number         0  oledfont.o ABSOLUTE
    ..\User\bsp\ov7670.c                     0x00000000   Number         0  ov7670.o ABSOLUTE
    ..\User\bsp\sccb.c                       0x00000000   Number         0  sccb.o ABSOLUTE
    ..\User\bsp\user_exti.c                  0x00000000   Number         0  user_exti.o ABSOLUTE
    ..\User\bsp\user_ili9341_lcd.c           0x00000000   Number         0  user_ili9341_lcd.o ABSOLUTE
    ..\User\main.c                           0x00000000   Number         0  main.o ABSOLUTE
    ..\\Lib\\F10x_FWLIB\\src\\misc.c         0x00000000   Number         0  misc.o ABSOLUTE
    ..\\Lib\\F10x_FWLIB\\src\\stm32f10x_dbgmcu.c 0x00000000   Number         0  stm32f10x_dbgmcu.o ABSOLUTE
    ..\\Lib\\F10x_FWLIB\\src\\stm32f10x_exti.c 0x00000000   Number         0  stm32f10x_exti.o ABSOLUTE
    ..\\Lib\\F10x_FWLIB\\src\\stm32f10x_fsmc.c 0x00000000   Number         0  stm32f10x_fsmc.o ABSOLUTE
    ..\\Lib\\F10x_FWLIB\\src\\stm32f10x_gpio.c 0x00000000   Number         0  stm32f10x_gpio.o ABSOLUTE
    ..\\Lib\\F10x_FWLIB\\src\\stm32f10x_iwdg.c 0x00000000   Number         0  stm32f10x_iwdg.o ABSOLUTE
    ..\\Lib\\F10x_FWLIB\\src\\stm32f10x_rcc.c 0x00000000   Number         0  stm32f10x_rcc.o ABSOLUTE
    ..\\Lib\\F10x_FWLIB\\src\\stm32f10x_spi.c 0x00000000   Number         0  stm32f10x_spi.o ABSOLUTE
    ..\\Lib\\F10x_FWLIB\\src\\stm32f10x_tim.c 0x00000000   Number         0  stm32f10x_tim.o ABSOLUTE
    ..\\Lib\\F10x_FWLIB\\src\\stm32f10x_usart.c 0x00000000   Number         0  stm32f10x_usart.o ABSOLUTE
    ..\\User\\bsp\\esp8266.c                 0x00000000   Number         0  esp8266.o ABSOLUTE
    ..\\User\\bsp\\led.c                     0x00000000   Number         0  led.o ABSOLUTE
    ..\\User\\bsp\\oled.c                    0x00000000   Number         0  oled.o ABSOLUTE
    ..\\User\\bsp\\oledfont.c                0x00000000   Number         0  oledfont.o ABSOLUTE
    ..\\User\\bsp\\ov7670.c                  0x00000000   Number         0  ov7670.o ABSOLUTE
    ..\\User\\bsp\\sccb.c                    0x00000000   Number         0  sccb.o ABSOLUTE
    ..\\User\\bsp\\user_exti.c               0x00000000   Number         0  user_exti.o ABSOLUTE
    ..\\User\\bsp\\user_ili9341_lcd.c        0x00000000   Number         0  user_ili9341_lcd.o ABSOLUTE
    ..\\User\\main.c                         0x00000000   Number         0  main.o ABSOLUTE
    RTE\Device\STM32F103ZE\startup_stm32f10x_hd.s 0x00000000   Number         0  startup_stm32f10x_hd.o ABSOLUTE
    RTE\Device\STM32F103ZE\system_stm32f10x.c 0x00000000   Number         0  system_stm32f10x.o ABSOLUTE
    RTE\\Device\\STM32F103ZE\\system_stm32f10x.c 0x00000000   Number         0  system_stm32f10x.o ABSOLUTE
    cdrcmple.s                               0x00000000   Number         0  cdrcmple.o ABSOLUTE
    dc.s                                     0x00000000   Number         0  dc.o ABSOLUTE
    handlers.s                               0x00000000   Number         0  handlers.o ABSOLUTE
    init.s                                   0x00000000   Number         0  init.o ABSOLUTE
    RESET                                    0x08000000   Section      304  startup_stm32f10x_hd.o(RESET)
    .ARM.Collect$$$$00000000                 0x08000130   Section        0  entry.o(.ARM.Collect$$$$00000000)
    .ARM.Collect$$$$00000001                 0x08000130   Section        4  entry2.o(.ARM.Collect$$$$00000001)
    .ARM.Collect$$$$00000004                 0x08000134   Section        4  entry5.o(.ARM.Collect$$$$00000004)
    .ARM.Collect$$$$00000008                 0x08000138   Section        0  entry7b.o(.ARM.Collect$$$$00000008)
    .ARM.Collect$$$$0000000A                 0x08000138   Section        0  entry8b.o(.ARM.Collect$$$$0000000A)
    .ARM.Collect$$$$0000000B                 0x08000138   Section        8  entry9a.o(.ARM.Collect$$$$0000000B)
    .ARM.Collect$$$$0000000D                 0x08000140   Section        0  entry10a.o(.ARM.Collect$$$$0000000D)
    .ARM.Collect$$$$0000000F                 0x08000140   Section        0  entry11a.o(.ARM.Collect$$$$0000000F)
    .ARM.Collect$$$$00002712                 0x08000140   Section        4  entry2.o(.ARM.Collect$$$$00002712)
    __lit__00000000                          0x08000140   Data           4  entry2.o(.ARM.Collect$$$$00002712)
    .text                                    0x08000144   Section       36  startup_stm32f10x_hd.o(.text)
    .text                                    0x08000168   Section        0  memseta.o(.text)
    .text                                    0x0800018c   Section        0  strstr.o(.text)
    .text                                    0x080001b0   Section       36  init.o(.text)
    .text                                    0x080001d4   Section        0  __dczerorl2.o(.text)
    i.CLR_Buf                                0x0800022c   Section        0  esp8266.o(i.CLR_Buf)
    i.EXTI1_IRQHandler                       0x08000250   Section        0  user_exti.o(i.EXTI1_IRQHandler)
    i.EXTI_ClearITPendingBit                 0x08000294   Section        0  stm32f10x_exti.o(i.EXTI_ClearITPendingBit)
    i.EXTI_GetITStatus                       0x080002a0   Section        0  stm32f10x_exti.o(i.EXTI_GetITStatus)
    i.EXTI_Init                              0x080002c8   Section        0  stm32f10x_exti.o(i.EXTI_Init)
    i.FSMC_NORSRAMCmd                        0x0800035c   Section        0  stm32f10x_fsmc.o(i.FSMC_NORSRAMCmd)
    i.FSMC_NORSRAMInit                       0x08000390   Section        0  stm32f10x_fsmc.o(i.FSMC_NORSRAMInit)
    i.GPIO_EXTILineConfig                    0x08000478   Section        0  stm32f10x_gpio.o(i.GPIO_EXTILineConfig)
    i.GPIO_Init                              0x080004b8   Section        0  stm32f10x_gpio.o(i.GPIO_Init)
    i.GPIO_ReadInputDataBit                  0x080005ce   Section        0  stm32f10x_gpio.o(i.GPIO_ReadInputDataBit)
    i.GPIO_ResetBits                         0x080005e0   Section        0  stm32f10x_gpio.o(i.GPIO_ResetBits)
    i.GPIO_SetBits                           0x080005e4   Section        0  stm32f10x_gpio.o(i.GPIO_SetBits)
    i.Hand                                   0x080005e8   Section        0  esp8266.o(i.Hand)
    i.LCD_DispChar                           0x08000604   Section        0  user_ili9341_lcd.o(i.LCD_DispChar)
    i.LCD_DispStr                            0x08000674   Section        0  user_ili9341_lcd.o(i.LCD_DispStr)
    i.LCD_FSMC_Config                        0x080006b0   Section        0  user_ili9341_lcd.o(i.LCD_FSMC_Config)
    i.LCD_GPIO_Config                        0x0800073c   Section        0  user_ili9341_lcd.o(i.LCD_GPIO_Config)
    i.LCD_Init                               0x08000814   Section        0  user_ili9341_lcd.o(i.LCD_Init)
    i.LCD_OpenWindow                         0x08000828   Section        0  user_ili9341_lcd.o(i.LCD_OpenWindow)
    i.LCD_P8x16Str                           0x08000880   Section        0  oled.o(i.LCD_P8x16Str)
    i.LCD_REG_Config                         0x0800090c   Section        0  user_ili9341_lcd.o(i.LCD_REG_Config)
    i.LCD_Rst                                0x08000af0   Section        0  user_ili9341_lcd.o(i.LCD_Rst)
    i.Lcd_GramScan                           0x08000b1c   Section        0  user_ili9341_lcd.o(i.Lcd_GramScan)
    i.NVIC_Init                              0x08000bf0   Section        0  misc.o(i.NVIC_Init)
    i.NVIC_PriorityGroupConfig               0x08000c60   Section        0  misc.o(i.NVIC_PriorityGroupConfig)
    i.OLED_Fill                              0x08000c74   Section        0  oled.o(i.OLED_Fill)
    i.OLED_Init                              0x08000cb8   Section        0  oled.o(i.OLED_Init)
    i.OLED_Set_Pos                           0x08000de0   Section        0  oled.o(i.OLED_Set_Pos)
    i.OV7670_Init                            0x08000e10   Section        0  ov7670.o(i.OV7670_Init)
    i.OV7670_PA1_Init                        0x08000f64   Section        0  user_exti.o(i.OV7670_PA1_Init)
    i.OV7670_Window_Set                      0x08000fb0   Section        0  ov7670.o(i.OV7670_Window_Set)
    i.OV7670_tftlcd                          0x0800103c   Section        0  main.o(i.OV7670_tftlcd)
    i.RCC_AHBPeriphClockCmd                  0x08001154   Section        0  stm32f10x_rcc.o(i.RCC_AHBPeriphClockCmd)
    i.RCC_APB1PeriphClockCmd                 0x08001174   Section        0  stm32f10x_rcc.o(i.RCC_APB1PeriphClockCmd)
    i.RCC_APB1PeriphResetCmd                 0x08001194   Section        0  stm32f10x_rcc.o(i.RCC_APB1PeriphResetCmd)
    i.RCC_APB2PeriphClockCmd                 0x080011b4   Section        0  stm32f10x_rcc.o(i.RCC_APB2PeriphClockCmd)
    i.RCC_APB2PeriphResetCmd                 0x080011d4   Section        0  stm32f10x_rcc.o(i.RCC_APB2PeriphResetCmd)
    i.RCC_GetClocksFreq                      0x080011f4   Section        0  stm32f10x_rcc.o(i.RCC_GetClocksFreq)
    i.SCCB_GPIO_Init                         0x080012c8   Section        0  sccb.o(i.SCCB_GPIO_Init)
    i.SCCB_No_Ack                            0x0800130c   Section        0  sccb.o(i.SCCB_No_Ack)
    i.SCCB_ReadAbyte                         0x0800134c   Section        0  sccb.o(i.SCCB_ReadAbyte)
    i.SCCB_Read_Reg                          0x0800139c   Section        0  sccb.o(i.SCCB_Read_Reg)
    i.SCCB_SDA_IN                            0x080013ec   Section        0  sccb.o(i.SCCB_SDA_IN)
    i.SCCB_SDA_OUT                           0x08001418   Section        0  sccb.o(i.SCCB_SDA_OUT)
    i.SCCB_Start                             0x08001444   Section        0  sccb.o(i.SCCB_Start)
    i.SCCB_Stop                              0x08001478   Section        0  sccb.o(i.SCCB_Stop)
    i.SCCB_WriteAbyte                        0x080014ac   Section        0  sccb.o(i.SCCB_WriteAbyte)
    i.SCCB_Write_Reg                         0x08001534   Section        0  sccb.o(i.SCCB_Write_Reg)
    i.SPI2_Init                              0x08001574   Section        0  oled.o(i.SPI2_Init)
    i.SPI2_ReadWriteByte                     0x080015e0   Section        0  oled.o(i.SPI2_ReadWriteByte)
    i.SPI_Cmd                                0x0800164c   Section        0  stm32f10x_spi.o(i.SPI_Cmd)
    i.SPI_GPIO_Init                          0x08001664   Section        0  oled.o(i.SPI_GPIO_Init)
    i.SPI_I2S_GetFlagStatus                  0x080016cc   Section        0  stm32f10x_spi.o(i.SPI_I2S_GetFlagStatus)
    i.SPI_I2S_ReceiveData                    0x080016de   Section        0  stm32f10x_spi.o(i.SPI_I2S_ReceiveData)
    i.SPI_I2S_SendData                       0x080016e4   Section        0  stm32f10x_spi.o(i.SPI_I2S_SendData)
    i.SPI_Init                               0x080016e8   Section        0  stm32f10x_spi.o(i.SPI_Init)
    i.SetSysClock                            0x08001724   Section        0  system_stm32f10x.o(i.SetSysClock)
    SetSysClock                              0x08001725   Thumb Code     8  system_stm32f10x.o(i.SetSysClock)
    i.SetSysClockTo72                        0x0800172c   Section        0  system_stm32f10x.o(i.SetSysClockTo72)
    SetSysClockTo72                          0x0800172d   Thumb Code   214  system_stm32f10x.o(i.SetSysClockTo72)
    i.SystemInit                             0x0800180c   Section        0  system_stm32f10x.o(i.SystemInit)
    i.USART3_IRQHandler                      0x0800186c   Section        0  esp8266.o(i.USART3_IRQHandler)
    i.USART3_Init                            0x080018b8   Section        0  esp8266.o(i.USART3_Init)
    i.USART3_SendByte                        0x0800194c   Section        0  esp8266.o(i.USART3_SendByte)
    i.USART_ClearITPendingBit                0x0800196c   Section        0  stm32f10x_usart.o(i.USART_ClearITPendingBit)
    i.USART_ClockInit                        0x0800198a   Section        0  stm32f10x_usart.o(i.USART_ClockInit)
    i.USART_Cmd                              0x080019ac   Section        0  stm32f10x_usart.o(i.USART_Cmd)
    i.USART_DeInit                           0x080019c4   Section        0  stm32f10x_usart.o(i.USART_DeInit)
    i.USART_GetFlagStatus                    0x08001a60   Section        0  stm32f10x_usart.o(i.USART_GetFlagStatus)
    i.USART_GetITStatus                      0x08001a7a   Section        0  stm32f10x_usart.o(i.USART_GetITStatus)
    i.USART_ITConfig                         0x08001ace   Section        0  stm32f10x_usart.o(i.USART_ITConfig)
    i.USART_Init                             0x08001b18   Section        0  stm32f10x_usart.o(i.USART_Init)
    i.USART_ReceiveData                      0x08001bf0   Section        0  stm32f10x_usart.o(i.USART_ReceiveData)
    i.USART_SendData                         0x08001bfa   Section        0  stm32f10x_usart.o(i.USART_SendData)
    i.__0printf$bare                         0x08001c04   Section        0  printfb.o(i.__0printf$bare)
    i.__scatterload_copy                     0x08001c14   Section       14  handlers.o(i.__scatterload_copy)
    i.__scatterload_null                     0x08001c22   Section        2  handlers.o(i.__scatterload_null)
    i.__scatterload_zeroinit                 0x08001c24   Section       14  handlers.o(i.__scatterload_zeroinit)
    i._printf_core                           0x08001c32   Section        0  printfb.o(i._printf_core)
    _printf_core                             0x08001c33   Thumb Code    34  printfb.o(i._printf_core)
    i.esp8266_init                           0x08001c54   Section        0  esp8266.o(i.esp8266_init)
    i.fputc                                  0x08001cbc   Section        0  esp8266.o(i.fputc)
    i.led_off                                0x08001ce0   Section        0  led.o(i.led_off)
    i.led_on                                 0x08001d24   Section        0  led.o(i.led_on)
    i.leds_init                              0x08001d68   Section        0  led.o(i.leds_init)
    i.leds_off                               0x08001dc0   Section        0  led.o(i.leds_off)
    i.main                                   0x08001dec   Section        0  main.o(i.main)
    i.sw_delay_ms                            0x08002174   Section        0  main.o(i.sw_delay_ms)
    sw_delay_ms                              0x08002175   Thumb Code    18  main.o(i.sw_delay_ms)
    i.sw_delay_ms                            0x08002186   Section        0  user_ili9341_lcd.o(i.sw_delay_ms)
    sw_delay_ms                              0x08002187   Thumb Code    18  user_ili9341_lcd.o(i.sw_delay_ms)
    i.sw_delay_ms                            0x08002198   Section        0  oled.o(i.sw_delay_ms)
    sw_delay_ms                              0x08002199   Thumb Code    18  oled.o(i.sw_delay_ms)
    i.sw_delay_us                            0x080021aa   Section        0  main.o(i.sw_delay_us)
    sw_delay_us                              0x080021ab   Thumb Code   144  main.o(i.sw_delay_us)
    i.sw_delay_us                            0x0800223a   Section        0  ov7670.o(i.sw_delay_us)
    sw_delay_us                              0x0800223b   Thumb Code   144  ov7670.o(i.sw_delay_us)
    i.sw_delay_us                            0x080022ca   Section        0  sccb.o(i.sw_delay_us)
    sw_delay_us                              0x080022cb   Thumb Code   144  sccb.o(i.sw_delay_us)
    i.sw_delay_us                            0x0800235a   Section        0  user_ili9341_lcd.o(i.sw_delay_us)
    sw_delay_us                              0x0800235b   Thumb Code   144  user_ili9341_lcd.o(i.sw_delay_us)
    i.sw_delay_us                            0x080023ea   Section        0  oled.o(i.sw_delay_us)
    sw_delay_us                              0x080023eb   Thumb Code   144  oled.o(i.sw_delay_us)
    .constdata                               0x0800247a   Section      336  ov7670.o(.constdata)
    .constdata                               0x080025ca   Section     1140  user_ili9341_lcd.o(.constdata)
    .data                                    0x20000000   Section        1  user_exti.o(.data)
    .data                                    0x20000001   Section        1  esp8266.o(.data)
    .data                                    0x20000002   Section     3728  oledfont.o(.data)
    .data                                    0x20000e92   Section       20  stm32f10x_rcc.o(.data)
    APBAHBPrescTable                         0x20000e92   Data          16  stm32f10x_rcc.o(.data)
    ADCPrescTable                            0x20000ea2   Data           4  stm32f10x_rcc.o(.data)
    .data                                    0x20000ea8   Section        4  stdout.o(.data)
    .bss                                     0x20000eac   Section       50  esp8266.o(.bss)
    STACK                                    0x20000ee0   Section     1024  startup_stm32f10x_hd.o(STACK)

    Global Symbols

    Symbol Name                              Value     Ov Type        Size  Object(Section)

    BuildAttributes$$THM_ISAv4$P$D$K$B$S$PE$A:L22UL41UL21$X:L11$S22US41US21$IEEE1$IW$USESV6$~STKCKD$USESV7$~SHL$OSPACE$ROPI$EBA8$MICROLIB$REQ8$PRES8$EABIv2 0x00000000   Number         0  anon$$obj.o ABSOLUTE
    __ARM_use_no_argv                        0x00000000   Number         0  main.o ABSOLUTE
    __cpp_initialize__aeabi_                  - Undefined Weak Reference
    __cxa_finalize                            - Undefined Weak Reference
    _clock_init                               - Undefined Weak Reference
    _microlib_exit                            - Undefined Weak Reference
    __Vectors_Size                           0x00000130   Number         0  startup_stm32f10x_hd.o ABSOLUTE
    __Vectors                                0x08000000   Data           4  startup_stm32f10x_hd.o(RESET)
    __Vectors_End                            0x08000130   Data           0  startup_stm32f10x_hd.o(RESET)
    __main                                   0x08000131   Thumb Code     0  entry.o(.ARM.Collect$$$$00000000)
    _main_stk                                0x08000131   Thumb Code     0  entry2.o(.ARM.Collect$$$$00000001)
    _main_scatterload                        0x08000135   Thumb Code     0  entry5.o(.ARM.Collect$$$$00000004)
    __main_after_scatterload                 0x08000139   Thumb Code     0  entry5.o(.ARM.Collect$$$$00000004)
    _main_clock                              0x08000139   Thumb Code     0  entry7b.o(.ARM.Collect$$$$00000008)
    _main_cpp_init                           0x08000139   Thumb Code     0  entry8b.o(.ARM.Collect$$$$0000000A)
    _main_init                               0x08000139   Thumb Code     0  entry9a.o(.ARM.Collect$$$$0000000B)
    __rt_final_cpp                           0x08000141   Thumb Code     0  entry10a.o(.ARM.Collect$$$$0000000D)
    __rt_final_exit                          0x08000141   Thumb Code     0  entry11a.o(.ARM.Collect$$$$0000000F)
    Reset_Handler                            0x08000145   Thumb Code     8  startup_stm32f10x_hd.o(.text)
    NMI_Handler                              0x0800014d   Thumb Code     2  startup_stm32f10x_hd.o(.text)
    HardFault_Handler                        0x0800014f   Thumb Code     2  startup_stm32f10x_hd.o(.text)
    MemManage_Handler                        0x08000151   Thumb Code     2  startup_stm32f10x_hd.o(.text)
    BusFault_Handler                         0x08000153   Thumb Code     2  startup_stm32f10x_hd.o(.text)
    UsageFault_Handler                       0x08000155   Thumb Code     2  startup_stm32f10x_hd.o(.text)
    SVC_Handler                              0x08000157   Thumb Code     2  startup_stm32f10x_hd.o(.text)
    DebugMon_Handler                         0x08000159   Thumb Code     2  startup_stm32f10x_hd.o(.text)
    PendSV_Handler                           0x0800015b   Thumb Code     2  startup_stm32f10x_hd.o(.text)
    SysTick_Handler                          0x0800015d   Thumb Code     2  startup_stm32f10x_hd.o(.text)
    ADC1_2_IRQHandler                        0x0800015f   Thumb Code     0  startup_stm32f10x_hd.o(.text)
    ADC3_IRQHandler                          0x0800015f   Thumb Code     0  startup_stm32f10x_hd.o(.text)
    CAN1_RX1_IRQHandler                      0x0800015f   Thumb Code     0  startup_stm32f10x_hd.o(.text)
    CAN1_SCE_IRQHandler                      0x0800015f   Thumb Code     0  startup_stm32f10x_hd.o(.text)
    DMA1_Channel1_IRQHandler                 0x0800015f   Thumb Code     0  startup_stm32f10x_hd.o(.text)
    DMA1_Channel2_IRQHandler                 0x0800015f   Thumb Code     0  startup_stm32f10x_hd.o(.text)
    DMA1_Channel3_IRQHandler                 0x0800015f   Thumb Code     0  startup_stm32f10x_hd.o(.text)
    DMA1_Channel4_IRQHandler                 0x0800015f   Thumb Code     0  startup_stm32f10x_hd.o(.text)
    DMA1_Channel5_IRQHandler                 0x0800015f   Thumb Code     0  startup_stm32f10x_hd.o(.text)
    DMA1_Channel6_IRQHandler                 0x0800015f   Thumb Code     0  startup_stm32f10x_hd.o(.text)
    DMA1_Channel7_IRQHandler                 0x0800015f   Thumb Code     0  startup_stm32f10x_hd.o(.text)
    DMA2_Channel1_IRQHandler                 0x0800015f   Thumb Code     0  startup_stm32f10x_hd.o(.text)
    DMA2_Channel2_IRQHandler                 0x0800015f   Thumb Code     0  startup_stm32f10x_hd.o(.text)
    DMA2_Channel3_IRQHandler                 0x0800015f   Thumb Code     0  startup_stm32f10x_hd.o(.text)
    DMA2_Channel4_5_IRQHandler               0x0800015f   Thumb Code     0  startup_stm32f10x_hd.o(.text)
    EXTI0_IRQHandler                         0x0800015f   Thumb Code     0  startup_stm32f10x_hd.o(.text)
    EXTI15_10_IRQHandler                     0x0800015f   Thumb Code     0  startup_stm32f10x_hd.o(.text)
    EXTI2_IRQHandler                         0x0800015f   Thumb Code     0  startup_stm32f10x_hd.o(.text)
    EXTI3_IRQHandler                         0x0800015f   Thumb Code     0  startup_stm32f10x_hd.o(.text)
    EXTI4_IRQHandler                         0x0800015f   Thumb Code     0  startup_stm32f10x_hd.o(.text)
    EXTI9_5_IRQHandler                       0x0800015f   Thumb Code     0  startup_stm32f10x_hd.o(.text)
    FLASH_IRQHandler                         0x0800015f   Thumb Code     0  startup_stm32f10x_hd.o(.text)
    FSMC_IRQHandler                          0x0800015f   Thumb Code     0  startup_stm32f10x_hd.o(.text)
    I2C1_ER_IRQHandler                       0x0800015f   Thumb Code     0  startup_stm32f10x_hd.o(.text)
    I2C1_EV_IRQHandler                       0x0800015f   Thumb Code     0  startup_stm32f10x_hd.o(.text)
    I2C2_ER_IRQHandler                       0x0800015f   Thumb Code     0  startup_stm32f10x_hd.o(.text)
    I2C2_EV_IRQHandler                       0x0800015f   Thumb Code     0  startup_stm32f10x_hd.o(.text)
    PVD_IRQHandler                           0x0800015f   Thumb Code     0  startup_stm32f10x_hd.o(.text)
    RCC_IRQHandler                           0x0800015f   Thumb Code     0  startup_stm32f10x_hd.o(.text)
    RTCAlarm_IRQHandler                      0x0800015f   Thumb Code     0  startup_stm32f10x_hd.o(.text)
    RTC_IRQHandler                           0x0800015f   Thumb Code     0  startup_stm32f10x_hd.o(.text)
    SDIO_IRQHandler                          0x0800015f   Thumb Code     0  startup_stm32f10x_hd.o(.text)
    SPI1_IRQHandler                          0x0800015f   Thumb Code     0  startup_stm32f10x_hd.o(.text)
    SPI2_IRQHandler                          0x0800015f   Thumb Code     0  startup_stm32f10x_hd.o(.text)
    SPI3_IRQHandler                          0x0800015f   Thumb Code     0  startup_stm32f10x_hd.o(.text)
    TAMPER_IRQHandler                        0x0800015f   Thumb Code     0  startup_stm32f10x_hd.o(.text)
    TIM1_BRK_IRQHandler                      0x0800015f   Thumb Code     0  startup_stm32f10x_hd.o(.text)
    TIM1_CC_IRQHandler                       0x0800015f   Thumb Code     0  startup_stm32f10x_hd.o(.text)
    TIM1_TRG_COM_IRQHandler                  0x0800015f   Thumb Code     0  startup_stm32f10x_hd.o(.text)
    TIM1_UP_IRQHandler                       0x0800015f   Thumb Code     0  startup_stm32f10x_hd.o(.text)
    TIM2_IRQHandler                          0x0800015f   Thumb Code     0  startup_stm32f10x_hd.o(.text)
    TIM3_IRQHandler                          0x0800015f   Thumb Code     0  startup_stm32f10x_hd.o(.text)
    TIM4_IRQHandler                          0x0800015f   Thumb Code     0  startup_stm32f10x_hd.o(.text)
    TIM5_IRQHandler                          0x0800015f   Thumb Code     0  startup_stm32f10x_hd.o(.text)
    TIM6_IRQHandler                          0x0800015f   Thumb Code     0  startup_stm32f10x_hd.o(.text)
    TIM7_IRQHandler                          0x0800015f   Thumb Code     0  startup_stm32f10x_hd.o(.text)
    TIM8_BRK_IRQHandler                      0x0800015f   Thumb Code     0  startup_stm32f10x_hd.o(.text)
    TIM8_CC_IRQHandler                       0x0800015f   Thumb Code     0  startup_stm32f10x_hd.o(.text)
    TIM8_TRG_COM_IRQHandler                  0x0800015f   Thumb Code     0  startup_stm32f10x_hd.o(.text)
    TIM8_UP_IRQHandler                       0x0800015f   Thumb Code     0  startup_stm32f10x_hd.o(.text)
    UART4_IRQHandler                         0x0800015f   Thumb Code     0  startup_stm32f10x_hd.o(.text)
    UART5_IRQHandler                         0x0800015f   Thumb Code     0  startup_stm32f10x_hd.o(.text)
    USART1_IRQHandler                        0x0800015f   Thumb Code     0  startup_stm32f10x_hd.o(.text)
    USART2_IRQHandler                        0x0800015f   Thumb Code     0  startup_stm32f10x_hd.o(.text)
    USBWakeUp_IRQHandler                     0x0800015f   Thumb Code     0  startup_stm32f10x_hd.o(.text)
    USB_HP_CAN1_TX_IRQHandler                0x0800015f   Thumb Code     0  startup_stm32f10x_hd.o(.text)
    USB_LP_CAN1_RX0_IRQHandler               0x0800015f   Thumb Code     0  startup_stm32f10x_hd.o(.text)
    WWDG_IRQHandler                          0x0800015f   Thumb Code     0  startup_stm32f10x_hd.o(.text)
    __aeabi_memset                           0x08000169   Thumb Code    14  memseta.o(.text)
    __aeabi_memset4                          0x08000169   Thumb Code     0  memseta.o(.text)
    __aeabi_memset8                          0x08000169   Thumb Code     0  memseta.o(.text)
    __aeabi_memclr                           0x08000177   Thumb Code     4  memseta.o(.text)
    __aeabi_memclr4                          0x08000177   Thumb Code     0  memseta.o(.text)
    __aeabi_memclr8                          0x08000177   Thumb Code     0  memseta.o(.text)
    _memset$wrapper                          0x0800017b   Thumb Code    18  memseta.o(.text)
    strstr                                   0x0800018d   Thumb Code    36  strstr.o(.text)
    __scatterload                            0x080001b1   Thumb Code    28  init.o(.text)
    __scatterload_rt2                        0x080001b1   Thumb Code     0  init.o(.text)
    __decompress                             0x080001d5   Thumb Code     0  __dczerorl2.o(.text)
    __decompress1                            0x080001d5   Thumb Code    86  __dczerorl2.o(.text)
    CLR_Buf                                  0x0800022d   Thumb Code    26  esp8266.o(i.CLR_Buf)
    EXTI1_IRQHandler                         0x08000251   Thumb Code    56  user_exti.o(i.EXTI1_IRQHandler)
    EXTI_ClearITPendingBit                   0x08000295   Thumb Code     6  stm32f10x_exti.o(i.EXTI_ClearITPendingBit)
    EXTI_GetITStatus                         0x080002a1   Thumb Code    34  stm32f10x_exti.o(i.EXTI_GetITStatus)
    EXTI_Init                                0x080002c9   Thumb Code   142  stm32f10x_exti.o(i.EXTI_Init)
    FSMC_NORSRAMCmd                          0x0800035d   Thumb Code    46  stm32f10x_fsmc.o(i.FSMC_NORSRAMCmd)
    FSMC_NORSRAMInit                         0x08000391   Thumb Code   230  stm32f10x_fsmc.o(i.FSMC_NORSRAMInit)
    GPIO_EXTILineConfig                      0x08000479   Thumb Code    60  stm32f10x_gpio.o(i.GPIO_EXTILineConfig)
    GPIO_Init                                0x080004b9   Thumb Code   278  stm32f10x_gpio.o(i.GPIO_Init)
    GPIO_ReadInputDataBit                    0x080005cf   Thumb Code    18  stm32f10x_gpio.o(i.GPIO_ReadInputDataBit)
    GPIO_ResetBits                           0x080005e1   Thumb Code     4  stm32f10x_gpio.o(i.GPIO_ResetBits)
    GPIO_SetBits                             0x080005e5   Thumb Code     4  stm32f10x_gpio.o(i.GPIO_SetBits)
    Hand                                     0x080005e9   Thumb Code    22  esp8266.o(i.Hand)
    LCD_DispChar                             0x08000605   Thumb Code   104  user_ili9341_lcd.o(i.LCD_DispChar)
    LCD_DispStr                              0x08000675   Thumb Code    60  user_ili9341_lcd.o(i.LCD_DispStr)
    LCD_FSMC_Config                          0x080006b1   Thumb Code   140  user_ili9341_lcd.o(i.LCD_FSMC_Config)
    LCD_GPIO_Config                          0x0800073d   Thumb Code   202  user_ili9341_lcd.o(i.LCD_GPIO_Config)
    LCD_Init                                 0x08000815   Thumb Code    20  user_ili9341_lcd.o(i.LCD_Init)
    LCD_OpenWindow                           0x08000829   Thumb Code    84  user_ili9341_lcd.o(i.LCD_OpenWindow)
    LCD_P8x16Str                             0x08000881   Thumb Code   134  oled.o(i.LCD_P8x16Str)
    LCD_REG_Config                           0x0800090d   Thumb Code   480  user_ili9341_lcd.o(i.LCD_REG_Config)
    LCD_Rst                                  0x08000af1   Thumb Code    38  user_ili9341_lcd.o(i.LCD_Rst)
    Lcd_GramScan                             0x08000b1d   Thumb Code   206  user_ili9341_lcd.o(i.Lcd_GramScan)
    NVIC_Init                                0x08000bf1   Thumb Code   100  misc.o(i.NVIC_Init)
    NVIC_PriorityGroupConfig                 0x08000c61   Thumb Code    10  misc.o(i.NVIC_PriorityGroupConfig)
    OLED_Fill                                0x08000c75   Thumb Code    66  oled.o(i.OLED_Fill)
    OLED_Init                                0x08000cb9   Thumb Code   290  oled.o(i.OLED_Init)
    OLED_Set_Pos                             0x08000de1   Thumb Code    46  oled.o(i.OLED_Set_Pos)
    OV7670_Init                              0x08000e11   Thumb Code   314  ov7670.o(i.OV7670_Init)
    OV7670_PA1_Init                          0x08000f65   Thumb Code    76  user_exti.o(i.OV7670_PA1_Init)
    OV7670_Window_Set                        0x08000fb1   Thumb Code   138  ov7670.o(i.OV7670_Window_Set)
    OV7670_tftlcd                            0x0800103d   Thumb Code   250  main.o(i.OV7670_tftlcd)
    RCC_AHBPeriphClockCmd                    0x08001155   Thumb Code    26  stm32f10x_rcc.o(i.RCC_AHBPeriphClockCmd)
    RCC_APB1PeriphClockCmd                   0x08001175   Thumb Code    26  stm32f10x_rcc.o(i.RCC_APB1PeriphClockCmd)
    RCC_APB1PeriphResetCmd                   0x08001195   Thumb Code    26  stm32f10x_rcc.o(i.RCC_APB1PeriphResetCmd)
    RCC_APB2PeriphClockCmd                   0x080011b5   Thumb Code    26  stm32f10x_rcc.o(i.RCC_APB2PeriphClockCmd)
    RCC_APB2PeriphResetCmd                   0x080011d5   Thumb Code    26  stm32f10x_rcc.o(i.RCC_APB2PeriphResetCmd)
    RCC_GetClocksFreq                        0x080011f5   Thumb Code   192  stm32f10x_rcc.o(i.RCC_GetClocksFreq)
    SCCB_GPIO_Init                           0x080012c9   Thumb Code    64  sccb.o(i.SCCB_GPIO_Init)
    SCCB_No_Ack                              0x0800130d   Thumb Code    60  sccb.o(i.SCCB_No_Ack)
    SCCB_ReadAbyte                           0x0800134d   Thumb Code    76  sccb.o(i.SCCB_ReadAbyte)
    SCCB_Read_Reg                            0x0800139d   Thumb Code    78  sccb.o(i.SCCB_Read_Reg)
    SCCB_SDA_IN                              0x080013ed   Thumb Code    38  sccb.o(i.SCCB_SDA_IN)
    SCCB_SDA_OUT                             0x08001419   Thumb Code    38  sccb.o(i.SCCB_SDA_OUT)
    SCCB_Start                               0x08001445   Thumb Code    48  sccb.o(i.SCCB_Start)
    SCCB_Stop                                0x08001479   Thumb Code    46  sccb.o(i.SCCB_Stop)
    SCCB_WriteAbyte                          0x080014ad   Thumb Code   130  sccb.o(i.SCCB_WriteAbyte)
    SCCB_Write_Reg                           0x08001535   Thumb Code    62  sccb.o(i.SCCB_Write_Reg)
    SPI2_Init                                0x08001575   Thumb Code   102  oled.o(i.SPI2_Init)
    SPI2_ReadWriteByte                       0x080015e1   Thumb Code   100  oled.o(i.SPI2_ReadWriteByte)
    SPI_Cmd                                  0x0800164d   Thumb Code    24  stm32f10x_spi.o(i.SPI_Cmd)
    SPI_GPIO_Init                            0x08001665   Thumb Code    96  oled.o(i.SPI_GPIO_Init)
    SPI_I2S_GetFlagStatus                    0x080016cd   Thumb Code    18  stm32f10x_spi.o(i.SPI_I2S_GetFlagStatus)
    SPI_I2S_ReceiveData                      0x080016df   Thumb Code     6  stm32f10x_spi.o(i.SPI_I2S_ReceiveData)
    SPI_I2S_SendData                         0x080016e5   Thumb Code     4  stm32f10x_spi.o(i.SPI_I2S_SendData)
    SPI_Init                                 0x080016e9   Thumb Code    60  stm32f10x_spi.o(i.SPI_Init)
    SystemInit                               0x0800180d   Thumb Code    78  system_stm32f10x.o(i.SystemInit)
    USART3_IRQHandler                        0x0800186d   Thumb Code    62  esp8266.o(i.USART3_IRQHandler)
    USART3_Init                              0x080018b9   Thumb Code   144  esp8266.o(i.USART3_Init)
    USART3_SendByte                          0x0800194d   Thumb Code    28  esp8266.o(i.USART3_SendByte)
    USART_ClearITPendingBit                  0x0800196d   Thumb Code    30  stm32f10x_usart.o(i.USART_ClearITPendingBit)
    USART_ClockInit                          0x0800198b   Thumb Code    34  stm32f10x_usart.o(i.USART_ClockInit)
    USART_Cmd                                0x080019ad   Thumb Code    24  stm32f10x_usart.o(i.USART_Cmd)
    USART_DeInit                             0x080019c5   Thumb Code   134  stm32f10x_usart.o(i.USART_DeInit)
    USART_GetFlagStatus                      0x08001a61   Thumb Code    26  stm32f10x_usart.o(i.USART_GetFlagStatus)
    USART_GetITStatus                        0x08001a7b   Thumb Code    84  stm32f10x_usart.o(i.USART_GetITStatus)
    USART_ITConfig                           0x08001acf   Thumb Code    74  stm32f10x_usart.o(i.USART_ITConfig)
    USART_Init                               0x08001b19   Thumb Code   210  stm32f10x_usart.o(i.USART_Init)
    USART_ReceiveData                        0x08001bf1   Thumb Code    10  stm32f10x_usart.o(i.USART_ReceiveData)
    USART_SendData                           0x08001bfb   Thumb Code     8  stm32f10x_usart.o(i.USART_SendData)
    __0printf$bare                           0x08001c05   Thumb Code     8  printfb.o(i.__0printf$bare)
    __1printf$bare                           0x08001c05   Thumb Code     0  printfb.o(i.__0printf$bare)
    __2printf                                0x08001c05   Thumb Code     0  printfb.o(i.__0printf$bare)
    __scatterload_copy                       0x08001c15   Thumb Code    14  handlers.o(i.__scatterload_copy)
    __scatterload_null                       0x08001c23   Thumb Code     2  handlers.o(i.__scatterload_null)
    __scatterload_zeroinit                   0x08001c25   Thumb Code    14  handlers.o(i.__scatterload_zeroinit)
    esp8266_init                             0x08001c55   Thumb Code    96  esp8266.o(i.esp8266_init)
    fputc                                    0x08001cbd   Thumb Code    32  esp8266.o(i.fputc)
    led_off                                  0x08001ce1   Thumb Code    40  led.o(i.led_off)
    led_on                                   0x08001d25   Thumb Code    40  led.o(i.led_on)
    leds_init                                0x08001d69   Thumb Code    76  led.o(i.leds_init)
    leds_off                                 0x08001dc1   Thumb Code    32  led.o(i.leds_off)
    main                                     0x08001ded   Thumb Code   598  main.o(i.main)
    ov7670_init_reg_table                    0x0800247a   Data         336  ov7670.o(.constdata)
    asc2_1206                                0x080025ca   Data        1140  user_ili9341_lcd.o(.constdata)
    Region$$Table$$Base                      0x08002a40   Number         0  anon$$obj.o(Region$$Table)
    Region$$Table$$Limit                     0x08002a60   Number         0  anon$$obj.o(Region$$Table)
    frame_flag                               0x20000000   Data           1  user_exti.o(.data)
    Count                                    0x20000001   Data           1  esp8266.o(.data)
    codeF8X16                                0x20000002   Data        1520  oledfont.o(.data)
    codeF16x16                               0x200005f2   Data         160  oledfont.o(.data)
    codeBMP1                                 0x20000692   Data        1024  oledfont.o(.data)
    codeBMP2                                 0x20000a92   Data        1024  oledfont.o(.data)
    __stdout                                 0x20000ea8   Data           4  stdout.o(.data)
    Rx232buffer                              0x20000eac   Data          50  esp8266.o(.bss)
    __initial_sp                             0x200012e0   Data           0  startup_stm32f10x_hd.o(STACK)



==============================================================================

Memory Map of the image

  Image Entry point : 0x08000131

  Load Region LR_IROM1 (Base: 0x08000000, Size: 0x0000390c, Max: 0x00080000, ABSOLUTE, COMPRESSED[0x000031d4])

    Execution Region ER_IROM1 (Exec base: 0x08000000, Load base: 0x08000000, Size: 0x00002a60, Max: 0x00080000, ABSOLUTE)

    Exec Addr    Load Addr    Size         Type   Attr      Idx    E Section Name        Object

    0x08000000   0x08000000   0x00000130   Data   RO         2324    RESET               startup_stm32f10x_hd.o
    0x08000130   0x08000130   0x00000000   Code   RO         2375  * .ARM.Collect$$$$00000000  mc_w.l(entry.o)
    0x08000130   0x08000130   0x00000004   Code   RO         2642    .ARM.Collect$$$$00000001  mc_w.l(entry2.o)
    0x08000134   0x08000134   0x00000004   Code   RO         2645    .ARM.Collect$$$$00000004  mc_w.l(entry5.o)
    0x08000138   0x08000138   0x00000000   Code   RO         2647    .ARM.Collect$$$$00000008  mc_w.l(entry7b.o)
    0x08000138   0x08000138   0x00000000   Code   RO         2649    .ARM.Collect$$$$0000000A  mc_w.l(entry8b.o)
    0x08000138   0x08000138   0x00000008   Code   RO         2650    .ARM.Collect$$$$0000000B  mc_w.l(entry9a.o)
    0x08000140   0x08000140   0x00000000   Code   RO         2652    .ARM.Collect$$$$0000000D  mc_w.l(entry10a.o)
    0x08000140   0x08000140   0x00000000   Code   RO         2654    .ARM.Collect$$$$0000000F  mc_w.l(entry11a.o)
    0x08000140   0x08000140   0x00000004   Code   RO         2643    .ARM.Collect$$$$00002712  mc_w.l(entry2.o)
    0x08000144   0x08000144   0x00000024   Code   RO         2325    .text               startup_stm32f10x_hd.o
    0x08000168   0x08000168   0x00000024   Code   RO         2378    .text               mc_w.l(memseta.o)
    0x0800018c   0x0800018c   0x00000024   Code   RO         2380    .text               mc_w.l(strstr.o)
    0x080001b0   0x080001b0   0x00000024   Code   RO         2672    .text               mc_w.l(init.o)
    0x080001d4   0x080001d4   0x00000056   Code   RO         2690    .text               mc_w.l(__dczerorl2.o)
    0x0800022a   0x0800022a   0x00000002   PAD
    0x0800022c   0x0800022c   0x00000024   Code   RO          507    i.CLR_Buf           esp8266.o
    0x08000250   0x08000250   0x00000044   Code   RO          341    i.EXTI1_IRQHandler  user_exti.o
    0x08000294   0x08000294   0x0000000c   Code   RO         1358    i.EXTI_ClearITPendingBit  stm32f10x_exti.o
    0x080002a0   0x080002a0   0x00000028   Code   RO         1362    i.EXTI_GetITStatus  stm32f10x_exti.o
    0x080002c8   0x080002c8   0x00000094   Code   RO         1363    i.EXTI_Init         stm32f10x_exti.o
    0x0800035c   0x0800035c   0x00000034   Code   RO         1434    i.FSMC_NORSRAMCmd   stm32f10x_fsmc.o
    0x08000390   0x08000390   0x000000e6   Code   RO         1436    i.FSMC_NORSRAMInit  stm32f10x_fsmc.o
    0x08000476   0x08000476   0x00000002   PAD
    0x08000478   0x08000478   0x00000040   Code   RO         1234    i.GPIO_EXTILineConfig  stm32f10x_gpio.o
    0x080004b8   0x080004b8   0x00000116   Code   RO         1237    i.GPIO_Init         stm32f10x_gpio.o
    0x080005ce   0x080005ce   0x00000012   Code   RO         1241    i.GPIO_ReadInputDataBit  stm32f10x_gpio.o
    0x080005e0   0x080005e0   0x00000004   Code   RO         1244    i.GPIO_ResetBits    stm32f10x_gpio.o
    0x080005e4   0x080005e4   0x00000004   Code   RO         1245    i.GPIO_SetBits      stm32f10x_gpio.o
    0x080005e8   0x080005e8   0x0000001c   Code   RO          508    i.Hand              esp8266.o
    0x08000604   0x08000604   0x00000070   Code   RO          379    i.LCD_DispChar      user_ili9341_lcd.o
    0x08000674   0x08000674   0x0000003c   Code   RO          380    i.LCD_DispStr       user_ili9341_lcd.o
    0x080006b0   0x080006b0   0x0000008c   Code   RO          381    i.LCD_FSMC_Config   user_ili9341_lcd.o
    0x0800073c   0x0800073c   0x000000d8   Code   RO          382    i.LCD_GPIO_Config   user_ili9341_lcd.o
    0x08000814   0x08000814   0x00000014   Code   RO          384    i.LCD_Init          user_ili9341_lcd.o
    0x08000828   0x08000828   0x00000058   Code   RO          385    i.LCD_OpenWindow    user_ili9341_lcd.o
    0x08000880   0x08000880   0x0000008c   Code   RO          632    i.LCD_P8x16Str      oled.o
    0x0800090c   0x0800090c   0x000001e4   Code   RO          387    i.LCD_REG_Config    user_ili9341_lcd.o
    0x08000af0   0x08000af0   0x0000002c   Code   RO          388    i.LCD_Rst           user_ili9341_lcd.o
    0x08000b1c   0x08000b1c   0x000000d4   Code   RO          391    i.Lcd_GramScan      user_ili9341_lcd.o
    0x08000bf0   0x08000bf0   0x00000070   Code   RO          743    i.NVIC_Init         misc.o
    0x08000c60   0x08000c60   0x00000014   Code   RO          744    i.NVIC_PriorityGroupConfig  misc.o
    0x08000c74   0x08000c74   0x00000042   Code   RO          634    i.OLED_Fill         oled.o
    0x08000cb6   0x08000cb6   0x00000002   PAD
    0x08000cb8   0x08000cb8   0x00000128   Code   RO          635    i.OLED_Init         oled.o
    0x08000de0   0x08000de0   0x0000002e   Code   RO          636    i.OLED_Set_Pos      oled.o
    0x08000e0e   0x08000e0e   0x00000002   PAD
    0x08000e10   0x08000e10   0x00000154   Code   RO          181    i.OV7670_Init       ov7670.o
    0x08000f64   0x08000f64   0x0000004c   Code   RO          342    i.OV7670_PA1_Init   user_exti.o
    0x08000fb0   0x08000fb0   0x0000008a   Code   RO          184    i.OV7670_Window_Set  ov7670.o
    0x0800103a   0x0800103a   0x00000002   PAD
    0x0800103c   0x0800103c   0x00000118   Code   RO            4    i.OV7670_tftlcd     main.o
    0x08001154   0x08001154   0x00000020   Code   RO          828    i.RCC_AHBPeriphClockCmd  stm32f10x_rcc.o
    0x08001174   0x08001174   0x00000020   Code   RO          829    i.RCC_APB1PeriphClockCmd  stm32f10x_rcc.o
    0x08001194   0x08001194   0x00000020   Code   RO          830    i.RCC_APB1PeriphResetCmd  stm32f10x_rcc.o
    0x080011b4   0x080011b4   0x00000020   Code   RO          831    i.RCC_APB2PeriphClockCmd  stm32f10x_rcc.o
    0x080011d4   0x080011d4   0x00000020   Code   RO          832    i.RCC_APB2PeriphResetCmd  stm32f10x_rcc.o
    0x080011f4   0x080011f4   0x000000d4   Code   RO          839    i.RCC_GetClocksFreq  stm32f10x_rcc.o
    0x080012c8   0x080012c8   0x00000044   Code   RO          255    i.SCCB_GPIO_Init    sccb.o
    0x0800130c   0x0800130c   0x00000040   Code   RO          256    i.SCCB_No_Ack       sccb.o
    0x0800134c   0x0800134c   0x00000050   Code   RO          257    i.SCCB_ReadAbyte    sccb.o
    0x0800139c   0x0800139c   0x0000004e   Code   RO          258    i.SCCB_Read_Reg     sccb.o
    0x080013ea   0x080013ea   0x00000002   PAD
    0x080013ec   0x080013ec   0x0000002c   Code   RO          259    i.SCCB_SDA_IN       sccb.o
    0x08001418   0x08001418   0x0000002c   Code   RO          260    i.SCCB_SDA_OUT      sccb.o
    0x08001444   0x08001444   0x00000034   Code   RO          261    i.SCCB_Start        sccb.o
    0x08001478   0x08001478   0x00000034   Code   RO          262    i.SCCB_Stop         sccb.o
    0x080014ac   0x080014ac   0x00000088   Code   RO          263    i.SCCB_WriteAbyte   sccb.o
    0x08001534   0x08001534   0x0000003e   Code   RO          264    i.SCCB_Write_Reg    sccb.o
    0x08001572   0x08001572   0x00000002   PAD
    0x08001574   0x08001574   0x0000006c   Code   RO          638    i.SPI2_Init         oled.o
    0x080015e0   0x080015e0   0x0000006c   Code   RO          639    i.SPI2_ReadWriteByte  oled.o
    0x0800164c   0x0800164c   0x00000018   Code   RO         2120    i.SPI_Cmd           stm32f10x_spi.o
    0x08001664   0x08001664   0x00000068   Code   RO          640    i.SPI_GPIO_Init     oled.o
    0x080016cc   0x080016cc   0x00000012   Code   RO         2128    i.SPI_I2S_GetFlagStatus  stm32f10x_spi.o
    0x080016de   0x080016de   0x00000006   Code   RO         2131    i.SPI_I2S_ReceiveData  stm32f10x_spi.o
    0x080016e4   0x080016e4   0x00000004   Code   RO         2132    i.SPI_I2S_SendData  stm32f10x_spi.o
    0x080016e8   0x080016e8   0x0000003c   Code   RO         2133    i.SPI_Init          stm32f10x_spi.o
    0x08001724   0x08001724   0x00000008   Code   RO         2332    i.SetSysClock       system_stm32f10x.o
    0x0800172c   0x0800172c   0x000000e0   Code   RO         2333    i.SetSysClockTo72   system_stm32f10x.o
    0x0800180c   0x0800180c   0x00000060   Code   RO         2335    i.SystemInit        system_stm32f10x.o
    0x0800186c   0x0800186c   0x0000004c   Code   RO          509    i.USART3_IRQHandler  esp8266.o
    0x080018b8   0x080018b8   0x00000094   Code   RO          510    i.USART3_Init       esp8266.o
    0x0800194c   0x0800194c   0x00000020   Code   RO          511    i.USART3_SendByte   esp8266.o
    0x0800196c   0x0800196c   0x0000001e   Code   RO         1040    i.USART_ClearITPendingBit  stm32f10x_usart.o
    0x0800198a   0x0800198a   0x00000022   Code   RO         1041    i.USART_ClockInit   stm32f10x_usart.o
    0x080019ac   0x080019ac   0x00000018   Code   RO         1043    i.USART_Cmd         stm32f10x_usart.o
    0x080019c4   0x080019c4   0x0000009c   Code   RO         1045    i.USART_DeInit      stm32f10x_usart.o
    0x08001a60   0x08001a60   0x0000001a   Code   RO         1046    i.USART_GetFlagStatus  stm32f10x_usart.o
    0x08001a7a   0x08001a7a   0x00000054   Code   RO         1047    i.USART_GetITStatus  stm32f10x_usart.o
    0x08001ace   0x08001ace   0x0000004a   Code   RO         1049    i.USART_ITConfig    stm32f10x_usart.o
    0x08001b18   0x08001b18   0x000000d8   Code   RO         1050    i.USART_Init        stm32f10x_usart.o
    0x08001bf0   0x08001bf0   0x0000000a   Code   RO         1057    i.USART_ReceiveData  stm32f10x_usart.o
    0x08001bfa   0x08001bfa   0x00000008   Code   RO         1060    i.USART_SendData    stm32f10x_usart.o
    0x08001c02   0x08001c02   0x00000002   PAD
    0x08001c04   0x08001c04   0x00000010   Code   RO         2383    i.__0printf$bare    mc_w.l(printfb.o)
    0x08001c14   0x08001c14   0x0000000e   Code   RO         2684    i.__scatterload_copy  mc_w.l(handlers.o)
    0x08001c22   0x08001c22   0x00000002   Code   RO         2685    i.__scatterload_null  mc_w.l(handlers.o)
    0x08001c24   0x08001c24   0x0000000e   Code   RO         2686    i.__scatterload_zeroinit  mc_w.l(handlers.o)
    0x08001c32   0x08001c32   0x00000022   Code   RO         2390    i._printf_core      mc_w.l(printfb.o)
    0x08001c54   0x08001c54   0x00000068   Code   RO          512    i.esp8266_init      esp8266.o
    0x08001cbc   0x08001cbc   0x00000024   Code   RO          514    i.fputc             esp8266.o
    0x08001ce0   0x08001ce0   0x00000044   Code   RO          577    i.led_off           led.o
    0x08001d24   0x08001d24   0x00000044   Code   RO          578    i.led_on            led.o
    0x08001d68   0x08001d68   0x00000058   Code   RO          580    i.leds_init         led.o
    0x08001dc0   0x08001dc0   0x0000002c   Code   RO          581    i.leds_off          led.o
    0x08001dec   0x08001dec   0x00000388   Code   RO            5    i.main              main.o
    0x08002174   0x08002174   0x00000012   Code   RO            6    i.sw_delay_ms       main.o
    0x08002186   0x08002186   0x00000012   Code   RO          392    i.sw_delay_ms       user_ili9341_lcd.o
    0x08002198   0x08002198   0x00000012   Code   RO          641    i.sw_delay_ms       oled.o
    0x080021aa   0x080021aa   0x00000090   Code   RO            7    i.sw_delay_us       main.o
    0x0800223a   0x0800223a   0x00000090   Code   RO          185    i.sw_delay_us       ov7670.o
    0x080022ca   0x080022ca   0x00000090   Code   RO          265    i.sw_delay_us       sccb.o
    0x0800235a   0x0800235a   0x00000090   Code   RO          393    i.sw_delay_us       user_ili9341_lcd.o
    0x080023ea   0x080023ea   0x00000090   Code   RO          642    i.sw_delay_us       oled.o
    0x0800247a   0x0800247a   0x00000150   Data   RO          186    .constdata          ov7670.o
    0x080025ca   0x080025ca   0x00000474   Data   RO          394    .constdata          user_ili9341_lcd.o
    0x08002a3e   0x08002a3e   0x00000002   PAD
    0x08002a40   0x08002a40   0x00000020   Data   RO         2682    Region$$Table       anon$$obj.o


    Execution Region RW_IRAM1 (Exec base: 0x20000000, Load base: 0x08002a60, Size: 0x000012e0, Max: 0x00010000, ABSOLUTE, COMPRESSED[0x00000774])

    Exec Addr    Load Addr    Size         Type   Attr      Idx    E Section Name        Object

    0x20000000   COMPRESSED   0x00000001   Data   RW          343    .data               user_exti.o
    0x20000001   COMPRESSED   0x00000001   Data   RW          516    .data               esp8266.o
    0x20000002   COMPRESSED   0x00000e90   Data   RW          719    .data               oledfont.o
    0x20000e92   COMPRESSED   0x00000014   Data   RW          859    .data               stm32f10x_rcc.o
    0x20000ea6   COMPRESSED   0x00000002   PAD
    0x20000ea8   COMPRESSED   0x00000004   Data   RW         2656    .data               mc_w.l(stdout.o)
    0x20000eac        -       0x00000032   Zero   RW          515    .bss                esp8266.o
    0x20000ede   COMPRESSED   0x00000002   PAD
    0x20000ee0        -       0x00000400   Zero   RW         2322    STACK               startup_stm32f10x_hd.o


==============================================================================

Image component sizes


      Code (inc. data)   RO Data    RW Data    ZI Data      Debug   Object Name

       460         50          0          1         50       4320   esp8266.o
       268         80          0          0          0       1922   led.o
      1346        336          0          0          0     254223   main.o
       132         22          0          0          0       1487   misc.o
      1030         34          0          0          0       5423   oled.o
         0          0          0       3728          0        753   oledfont.o
       622         26        336          0          0       2662   ov7670.o
       824         40          0          0          0       5629   sccb.o
        36          8        304          0       1024        812   startup_stm32f10x_hd.o
       200         18          0          0          0       2040   stm32f10x_exti.o
       282          6          0          0          0       1761   stm32f10x_fsmc.o
       368          4          0          0          0       4174   stm32f10x_gpio.o
       372         50          0         20          0       6004   stm32f10x_rcc.o
       112          0          0          0          0       3726   stm32f10x_spi.o
       662         28          0          0          0       7852   stm32f10x_usart.o
       328         28          0          0          0       2001   system_stm32f10x.o
       144         12          0          1          0       1238   user_exti.o
      1538         42       1140          0          0       7627   user_ili9341_lcd.o

    ----------------------------------------------------------------------
      8738        784       1814       3752       1076     313654   Object Totals
         0          0         32          0          0          0   (incl. Generated)
        14          0          2          2          2          0   (incl. Padding)

    ----------------------------------------------------------------------

      Code (inc. data)   RO Data    RW Data    ZI Data      Debug   Library Member Name

        86          0          0          0          0          0   __dczerorl2.o
         0          0          0          0          0          0   entry.o
         0          0          0          0          0          0   entry10a.o
         0          0          0          0          0          0   entry11a.o
         8          4          0          0          0          0   entry2.o
         4          0          0          0          0          0   entry5.o
         0          0          0          0          0          0   entry7b.o
         0          0          0          0          0          0   entry8b.o
         8          4          0          0          0          0   entry9a.o
        30          0          0          0          0          0   handlers.o
        36          8          0          0          0         68   init.o
        36          0          0          0          0        108   memseta.o
        50          8          0          0          0        152   printfb.o
         0          0          0          4          0          0   stdout.o
        36          0          0          0          0         80   strstr.o

    ----------------------------------------------------------------------
       296         24          0          4          0        408   Library Totals
         2          0          0          0          0          0   (incl. Padding)

    ----------------------------------------------------------------------

      Code (inc. data)   RO Data    RW Data    ZI Data      Debug   Library Name

       294         24          0          4          0        408   mc_w.l

    ----------------------------------------------------------------------
       296         24          0          4          0        408   Library Totals

    ----------------------------------------------------------------------

==============================================================================


      Code (inc. data)   RO Data    RW Data    ZI Data      Debug   

      9034        808       1814       3756       1076     309770   Grand Totals
      9034        808       1814       1908       1076     309770   ELF Image Totals (compressed)
      9034        808       1814       1908          0          0   ROM Totals

==============================================================================

    Total RO  Size (Code + RO Data)                10848 (  10.59kB)
    Total RW  Size (RW Data + ZI Data)              4832 (   4.72kB)
    Total ROM Size (Code + RO Data + RW Data)      12756 (  12.46kB)

==============================================================================

